BL51 BANKED LINKER/LOCATER V6.22                                                        09/06/2018  20:44:30  PAGE 1


BL51 BANKED LINKER/LOCATER V6.22, INVOKED BY:
D:\KEIL5\C51\BIN\BL51.EXE MedicalService.obj TO 医疗服务机器人规定动作程序设计 RAMSIZE (256)


MEMORY MODEL: SMALL WITH FLOATING POINT ARITHMETIC


INPUT MODULES INCLUDED:
  MedicalService.obj (MEDICALSERVICE)
  D:\KEIL5\C51\LIB\C51FPS.LIB (?C?FPADD)
  D:\KEIL5\C51\LIB\C51FPS.LIB (?C?FPDIV)
  D:\KEIL5\C51\LIB\C51FPS.LIB (?C?FCAST)
  D:\KEIL5\C51\LIB\C51FPS.LIB (?C?CASTF)
  D:\KEIL5\C51\LIB\C51FPS.LIB (?C?FPGETOPN)
  D:\KEIL5\C51\LIB\C51S.LIB (?C_STARTUP)
  D:\KEIL5\C51\LIB\C51S.LIB (?C?LNEG)
  D:\KEIL5\C51\LIB\C51S.LIB (?C?LLDCODE)
  D:\KEIL5\C51\LIB\C51S.LIB (?C?LLDCODE0)
  D:\KEIL5\C51\LIB\C51S.LIB (ABS)


LINK MAP OF MODULE:  医疗服务机器人规定动作程序设计 (MEDICALSERVICE)


            TYPE    BASE      LENGTH    RELOCATION   SEGMENT NAME
            -----------------------------------------------------

            * * * * * * *   D A T A   M E M O R Y   * * * * * * *
            REG     0000H     0008H     ABSOLUTE     "REG BANK 0"
            DATA    0008H     000CH     UNIT         ?DT?MEDICALSERVICE
            DATA    0014H     000AH     UNIT         ?DT?_RETURN_LENGTH?MEDICALSERVICE
            DATA    001EH     0002H     UNIT         ?DT?_SETSERVOSPEED?MEDICALSERVICE
            BIT     0020H.0   0000H.1   UNIT         _BIT_GROUP_
                    0020H.1   0000H.7                *** GAP ***
            DATA    0021H     0009H     UNIT         _DATA_GROUP_
            DATA    002AH     0005H     UNIT         ?DT?_CDS5516?MEDICALSERVICE
            DATA    002FH     0005H     UNIT         ?DT?_SETSERVOPOSITION2?MEDICALSERVICE
            DATA    0034H     0001H     UNIT         ?DT?_SHOWRESULT?MEDICALSERVICE
            IDATA   0035H     0001H     UNIT         ?STACK

            * * * * * * *   C O D E   M E M O R Y   * * * * * * *
            CODE    0000H     0003H     ABSOLUTE     
            CODE    0003H     0008H     UNIT         ?PR?_UART1_SENDBYTE?MEDICALSERVICE
            CODE    000BH     0003H     ABSOLUTE     
            CODE    000EH     0035H     UNIT         ?PR?GOLASERMODIFY?MEDICALSERVICE
            CODE    0043H     0003H     ABSOLUTE     
            CODE    0046H     0285H     UNIT         ?C?LIB_CODE
            CODE    02CBH     01A8H     UNIT         ?PR?GIVINGMEDICINEONE?MEDICALSERVICE
            CODE    0473H     01A2H     UNIT         ?PR?GIVINGMEDICINETWO?MEDICALSERVICE
            CODE    0615H     016CH     UNIT         ?PR?STEERINGMODIFY?MEDICALSERVICE
            CODE    0781H     0161H     UNIT         ?PR?_RETURN_LENGTH?MEDICALSERVICE
            CODE    08E2H     013CH     UNIT         ?PR?MODIFYCAR?MEDICALSERVICE
            CODE    0A1EH     0119H     UNIT         ?PR?MAKEWARDROUNDS?MEDICALSERVICE
            CODE    0B37H     00B8H     UNIT         ?PR?GIVINGMEDICINE?MEDICALSERVICE
            CODE    0BEFH     009AH     UNIT         ?PR?GONENURSEPLATFORM?MEDICALSERVICE
            CODE    0C89H     0095H     UNIT         ?PR?_SETSERVOPOSITION1?MEDICALSERVICE
            CODE    0D1EH     0085H     UNIT         ?PR?TURNRIGHT?MEDICALSERVICE
            CODE    0DA3H     007BH     UNIT         ?PR?_SETSERVOPOSITION2?MEDICALSERVICE
BL51 BANKED LINKER/LOCATER V6.22                                                      09/06/2018  20:44:30  PAGE 2


            CODE    0E1EH     0079H     UNIT         ?PR?TURNLEFT?MEDICALSERVICE
            CODE    0E97H     006FH     UNIT         ?PR?_SETSERVOSPEED?MEDICALSERVICE
            CODE    0F06H     006AH     UNIT         ?PR?GONE?MEDICALSERVICE
            CODE    0F70H     006AH     UNIT         ?PR?BACKBEGIN?MEDICALSERVICE
            CODE    0FDAH     005EH     UNIT         ?PR?GONEBACK?MEDICALSERVICE
            CODE    1038H     0056H     UNIT         ?PR?MAIN?MEDICALSERVICE
            CODE    108EH     004BH     UNIT         ?CO?MEDICALSERVICE
            CODE    10D9H     0041H     UNIT         ?PR?TIME0?MEDICALSERVICE
            CODE    111AH     0039H     UNIT         ?PR?_DELAY_MS?MEDICALSERVICE
            CODE    1153H     002CH     UNIT         ?PR?STEERINGGOL?MEDICALSERVICE
            CODE    117FH     002CH     UNIT         ?PR?STEERINGGOR?MEDICALSERVICE
            CODE    11ABH     002AH     UNIT         ?PR?BACKALASERMODIFY?MEDICALSERVICE
            CODE    11D5H     002AH     UNIT         ?PR?BACKBLASERMODIFY?MEDICALSERVICE
            CODE    11FFH     0023H     UNIT         ?PR?_CDS5516?MEDICALSERVICE
            CODE    1222H     0023H     UNIT         ?PR?TURNLEFTSENSOR?MEDICALSERVICE
            CODE    1245H     0021H     UNIT         ?PR?TURNBACKL?MEDICALSERVICE
            CODE    1266H     0021H     UNIT         ?PR?TURNBACKR?MEDICALSERVICE
            CODE    1287H     0020H     UNIT         ?PR?TURNRIGHTSENSOR?MEDICALSERVICE
            CODE    12A7H     001EH     UNIT         ?PR?TURNRIGHTN?MEDICALSERVICE
            CODE    12C5H     001DH     UNIT         ?PR?UART1_INIT?MEDICALSERVICE
            CODE    12E2H     001CH     UNIT         ?PR?_GETADCRESULT?MEDICALSERVICE
            CODE    12FEH     001BH     UNIT         ?PR?UART2_RCV?MEDICALSERVICE
            CODE    1319H     001BH     UNIT         ?PR?_DELAY?MEDICALSERVICE
            CODE    1334H     001AH     UNIT         ?PR?INIT?MEDICALSERVICE
            CODE    134EH     0019H     UNIT         ?PR?_SHOWRESULT?MEDICALSERVICE
            CODE    1367H     0019H     UNIT         ?PR?TURN180?MEDICALSERVICE
            CODE    1380H     0019H     UNIT         ?PR?TURN180L?MEDICALSERVICE
            CODE    1399H     0018H     UNIT         ?PR?RIGHT?MEDICALSERVICE
            CODE    13B1H     0017H     UNIT         ?PR?_CLDL?MEDICALSERVICE
            CODE    13C8H     0017H     UNIT         ?PR?_NURSEDL?MEDICALSERVICE
            CODE    13DFH     0017H     UNIT         ?PR?_CRD4?MEDICALSERVICE
            CODE    13F6H     0017H     UNIT         ?PR?_NURSED4?MEDICALSERVICE
            CODE    140DH     0017H     UNIT         ?PR?_CRD5?MEDICALSERVICE
            CODE    1424H     0017H     UNIT         ?PR?_NURSED5?MEDICALSERVICE
            CODE    143BH     0017H     UNIT         ?PR?TURNLEFTN?MEDICALSERVICE
            CODE    1452H     0016H     UNIT         ?PR?CRBL?MEDICALSERVICE
            CODE    1468H     0016H     UNIT         ?PR?CRBR?MEDICALSERVICE
            CODE    147EH     0016H     UNIT         ?PR?CLB0?MEDICALSERVICE
            CODE    1494H     0016H     UNIT         ?PR?CLB1?MEDICALSERVICE
            CODE    14AAH     0016H     UNIT         ?PR?CLB4?MEDICALSERVICE
            CODE    14C0H     0016H     UNIT         ?PR?CLB5?MEDICALSERVICE
            CODE    14D6H     0016H     UNIT         ?PR?GOCLLASERL?MEDICALSERVICE
            CODE    14ECH     0016H     UNIT         ?PR?GOCRLASERR?MEDICALSERVICE
            CODE    1502H     0016H     UNIT         ?PR?BACKCLLASERL?MEDICALSERVICE
            CODE    1518H     0016H     UNIT         ?PR?BACKCRLASERR?MEDICALSERVICE
            CODE    152EH     0016H     UNIT         ?PR?TURNR?MEDICALSERVICE
            CODE    1544H     0016H     UNIT         ?PR?TURNR180?MEDICALSERVICE
            CODE    155AH     0016H     UNIT         ?PR?TURNRMODIFY?MEDICALSERVICE
            CODE    1570H     0016H     UNIT         ?PR?TURNL?MEDICALSERVICE
            CODE    1586H     0016H     UNIT         ?PR?TURNLMODIFY?MEDICALSERVICE
            CODE    159CH     0016H     UNIT         ?PR?GONURSEPLATFORM?MEDICALSERVICE
            CODE    15B2H     0016H     UNIT         ?PR?BACK?MEDICALSERVICE
            CODE    15C8H     0016H     UNIT         ?PR?BACKA?MEDICALSERVICE
            CODE    15DEH     0016H     UNIT         ?PR?BACKB?MEDICALSERVICE
            CODE    15F4H     0015H     UNIT         ?PR?INIT_UART2?MEDICALSERVICE
            CODE    1609H     0015H     UNIT         ?PR?LEFT?MEDICALSERVICE
            CODE    161EH     0012H     UNIT         ?PR?VOICE?MEDICALSERVICE
BL51 BANKED LINKER/LOCATER V6.22                                                      09/06/2018  20:44:30  PAGE 3


            CODE    1630H     0011H     UNIT         ?PR?_CLDR?MEDICALSERVICE
            CODE    1641H     0011H     UNIT         ?PR?_NURSEDR?MEDICALSERVICE
            CODE    1652H     0011H     UNIT         ?PR?_CLD0?MEDICALSERVICE
            CODE    1663H     0011H     UNIT         ?PR?_NURSED0?MEDICALSERVICE
            CODE    1674H     0011H     UNIT         ?PR?_CLD1?MEDICALSERVICE
            CODE    1685H     0011H     UNIT         ?PR?_NURSED1?MEDICALSERVICE
            CODE    1696H     0010H     UNIT         ?PR?_DELAYMS?MEDICALSERVICE
            CODE    16A6H     0010H     UNIT         ?PR?_UART2_SENDBYTE?MEDICALSERVICE
            CODE    16B6H     0010H     UNIT         ?PR?STOP?MEDICALSERVICE
            CODE    16C6H     000FH     UNIT         ?PR?INITUART?MEDICALSERVICE
            CODE    16D5H     000FH     UNIT         ?PR?INITADC?MEDICALSERVICE
            CODE    16E4H     000EH     UNIT         ?PR?GO?MEDICALSERVICE
            CODE    16F2H     000EH     UNIT         ?PR?GOA?MEDICALSERVICE
            CODE    1700H     000CH     UNIT         ?C_C51STARTUP
            CODE    170CH     000CH     UNIT         ?PR?_ABS?ABS
            CODE    1718H     000BH     UNIT         ?PR?_SENDDATA?MEDICALSERVICE
            CODE    1723H     000AH     UNIT         ?PR?TURNLEFTDELAY?MEDICALSERVICE
            CODE    172DH     000AH     UNIT         ?PR?TURNRIGHTDELAY?MEDICALSERVICE
            CODE    1737H     000AH     UNIT         ?PR?GONESUPPLEMENT?MEDICALSERVICE
            CODE    1741H     000AH     UNIT         ?PR?GONESUPPLEMENT1?MEDICALSERVICE
            CODE    174BH     000AH     UNIT         ?PR?BACKSUPPLEMENT?MEDICALSERVICE
            CODE    1755H     0006H     UNIT         ?PR?UART1_RECEBYTE?MEDICALSERVICE



OVERLAY MAP OF MODULE:   医疗服务机器人规定动作程序设计 (MEDICALSERVICE)


SEGMENT                                          BIT_GROUP          DATA_GROUP 
  +--> CALLED SEGMENT                         START    LENGTH     START    LENGTH
---------------------------------------------------------------------------------
?C_C51STARTUP                                 -----    -----      -----    -----
  +--> ?PR?MAIN?MEDICALSERVICE

?PR?MAIN?MEDICALSERVICE                       -----    -----      -----    -----
  +--> ?PR?INIT?MEDICALSERVICE
  +--> ?PR?UART1_INIT?MEDICALSERVICE
  +--> ?PR?_DELAY_MS?MEDICALSERVICE
  +--> ?PR?_SETSERVOPOSITION1?MEDICALSERVICE
  +--> ?PR?MAKEWARDROUNDS?MEDICALSERVICE
  +--> ?PR?GIVINGMEDICINE?MEDICALSERVICE
  +--> ?PR?GIVINGMEDICINEONE?MEDICALSERVICE
  +--> ?PR?STOP?MEDICALSERVICE
  +--> ?PR?GIVINGMEDICINETWO?MEDICALSERVICE

?PR?_DELAY_MS?MEDICALSERVICE                  -----    -----      -----    -----
  +--> ?PR?STOP?MEDICALSERVICE

?PR?_SETSERVOPOSITION1?MEDICALSERVICE         -----    -----      0025H    0005H
  +--> ?PR?_DELAY_MS?MEDICALSERVICE
  +--> ?PR?STOP?MEDICALSERVICE
  +--> ?PR?_UART1_SENDBYTE?MEDICALSERVICE
  +--> ?PR?_DELAYMS?MEDICALSERVICE

?PR?MAKEWARDROUNDS?MEDICALSERVICE             -----    -----      -----    -----
  +--> ?PR?GONE?MEDICALSERVICE
  +--> ?PR?GO?MEDICALSERVICE
BL51 BANKED LINKER/LOCATER V6.22                                                      09/06/2018  20:44:30  PAGE 4


  +--> ?PR?_DELAY_MS?MEDICALSERVICE
  +--> ?PR?TURNRIGHTSENSOR?MEDICALSERVICE
  +--> ?PR?BACKSUPPLEMENT?MEDICALSERVICE
  +--> ?PR?GONEBACK?MEDICALSERVICE
  +--> ?PR?BACK?MEDICALSERVICE
  +--> ?PR?TURNLEFTSENSOR?MEDICALSERVICE
  +--> ?PR?GONESUPPLEMENT?MEDICALSERVICE
  +--> ?PR?GOLASERMODIFY?MEDICALSERVICE
  +--> ?PR?VOICE?MEDICALSERVICE
  +--> ?PR?BACKALASERMODIFY?MEDICALSERVICE
  +--> ?PR?TURNBACKL?MEDICALSERVICE
  +--> ?PR?TURNBACKR?MEDICALSERVICE
  +--> ?PR?BACKBLASERMODIFY?MEDICALSERVICE
  +--> ?PR?BACKBEGIN?MEDICALSERVICE

?PR?GONE?MEDICALSERVICE                       -----    -----      -----    -----
  +--> ?PR?GO?MEDICALSERVICE
  +--> ?PR?_CLDL?MEDICALSERVICE
  +--> ?PR?_CLDR?MEDICALSERVICE
  +--> ?PR?_CLD0?MEDICALSERVICE
  +--> ?PR?_CLD1?MEDICALSERVICE
  +--> ?PR?_CRD5?MEDICALSERVICE
  +--> ?PR?_CRD4?MEDICALSERVICE

?PR?GO?MEDICALSERVICE                         -----    -----      -----    -----
  +--> ?PR?LEFT?MEDICALSERVICE
  +--> ?PR?RIGHT?MEDICALSERVICE

?PR?LEFT?MEDICALSERVICE                       0020H.0  0000H.1    -----    -----

?PR?RIGHT?MEDICALSERVICE                      0020H.0  0000H.1    -----    -----

?PR?_CLDL?MEDICALSERVICE                      -----    -----      -----    -----
  +--> ?PR?RIGHT?MEDICALSERVICE
  +--> ?PR?LEFT?MEDICALSERVICE

?PR?_CLDR?MEDICALSERVICE                      -----    -----      -----    -----
  +--> ?PR?RIGHT?MEDICALSERVICE
  +--> ?PR?LEFT?MEDICALSERVICE

?PR?_CLD0?MEDICALSERVICE                      -----    -----      -----    -----
  +--> ?PR?RIGHT?MEDICALSERVICE
  +--> ?PR?LEFT?MEDICALSERVICE

?PR?_CLD1?MEDICALSERVICE                      -----    -----      -----    -----
  +--> ?PR?RIGHT?MEDICALSERVICE
  +--> ?PR?LEFT?MEDICALSERVICE

?PR?_CRD5?MEDICALSERVICE                      -----    -----      -----    -----
  +--> ?PR?RIGHT?MEDICALSERVICE
  +--> ?PR?LEFT?MEDICALSERVICE

?PR?_CRD4?MEDICALSERVICE                      -----    -----      -----    -----
  +--> ?PR?RIGHT?MEDICALSERVICE
  +--> ?PR?LEFT?MEDICALSERVICE

?PR?TURNRIGHTSENSOR?MEDICALSERVICE            -----    -----      -----    -----
BL51 BANKED LINKER/LOCATER V6.22                                                      09/06/2018  20:44:30  PAGE 5


  +--> ?PR?_DELAY_MS?MEDICALSERVICE
  +--> ?PR?TURNR?MEDICALSERVICE
  +--> ?PR?STOP?MEDICALSERVICE

?PR?TURNR?MEDICALSERVICE                      -----    -----      -----    -----
  +--> ?PR?RIGHT?MEDICALSERVICE
  +--> ?PR?LEFT?MEDICALSERVICE

?PR?BACKSUPPLEMENT?MEDICALSERVICE             -----    -----      -----    -----
  +--> ?PR?GONEBACK?MEDICALSERVICE
  +--> ?PR?_DELAY_MS?MEDICALSERVICE

?PR?GONEBACK?MEDICALSERVICE                   -----    -----      -----    -----
  +--> ?PR?BACK?MEDICALSERVICE
  +--> ?PR?CRBL?MEDICALSERVICE
  +--> ?PR?CRBR?MEDICALSERVICE
  +--> ?PR?CLB0?MEDICALSERVICE
  +--> ?PR?CLB1?MEDICALSERVICE
  +--> ?PR?CLB5?MEDICALSERVICE
  +--> ?PR?CLB4?MEDICALSERVICE

?PR?BACK?MEDICALSERVICE                       -----    -----      -----    -----
  +--> ?PR?LEFT?MEDICALSERVICE
  +--> ?PR?RIGHT?MEDICALSERVICE

?PR?CRBL?MEDICALSERVICE                       -----    -----      -----    -----
  +--> ?PR?RIGHT?MEDICALSERVICE
  +--> ?PR?LEFT?MEDICALSERVICE

?PR?CRBR?MEDICALSERVICE                       -----    -----      -----    -----
  +--> ?PR?RIGHT?MEDICALSERVICE
  +--> ?PR?LEFT?MEDICALSERVICE

?PR?CLB0?MEDICALSERVICE                       -----    -----      -----    -----
  +--> ?PR?RIGHT?MEDICALSERVICE
  +--> ?PR?LEFT?MEDICALSERVICE

?PR?CLB1?MEDICALSERVICE                       -----    -----      -----    -----
  +--> ?PR?RIGHT?MEDICALSERVICE
  +--> ?PR?LEFT?MEDICALSERVICE

?PR?CLB5?MEDICALSERVICE                       -----    -----      -----    -----
  +--> ?PR?RIGHT?MEDICALSERVICE
  +--> ?PR?LEFT?MEDICALSERVICE

?PR?CLB4?MEDICALSERVICE                       -----    -----      -----    -----
  +--> ?PR?RIGHT?MEDICALSERVICE
  +--> ?PR?LEFT?MEDICALSERVICE

?PR?TURNLEFTSENSOR?MEDICALSERVICE             -----    -----      -----    -----
  +--> ?PR?_DELAY_MS?MEDICALSERVICE
  +--> ?PR?TURNL?MEDICALSERVICE
  +--> ?PR?STOP?MEDICALSERVICE

?PR?TURNL?MEDICALSERVICE                      -----    -----      -----    -----
  +--> ?PR?RIGHT?MEDICALSERVICE
  +--> ?PR?LEFT?MEDICALSERVICE
BL51 BANKED LINKER/LOCATER V6.22                                                      09/06/2018  20:44:30  PAGE 6



?PR?GONESUPPLEMENT?MEDICALSERVICE             -----    -----      -----    -----
  +--> ?PR?GONE?MEDICALSERVICE
  +--> ?PR?_DELAY_MS?MEDICALSERVICE

?PR?GOLASERMODIFY?MEDICALSERVICE              -----    -----      -----    -----
  +--> ?PR?GO?MEDICALSERVICE
  +--> ?PR?GOCLLASERL?MEDICALSERVICE
  +--> ?PR?GOCRLASERR?MEDICALSERVICE

?PR?GOCLLASERL?MEDICALSERVICE                 -----    -----      -----    -----
  +--> ?PR?RIGHT?MEDICALSERVICE
  +--> ?PR?LEFT?MEDICALSERVICE

?PR?GOCRLASERR?MEDICALSERVICE                 -----    -----      -----    -----
  +--> ?PR?RIGHT?MEDICALSERVICE
  +--> ?PR?LEFT?MEDICALSERVICE

?PR?VOICE?MEDICALSERVICE                      -----    -----      -----    -----
  +--> ?PR?_DELAY_MS?MEDICALSERVICE
  +--> ?PR?STOP?MEDICALSERVICE

?PR?BACKALASERMODIFY?MEDICALSERVICE           -----    -----      -----    -----
  +--> ?PR?_DELAY_MS?MEDICALSERVICE
  +--> ?PR?BACKA?MEDICALSERVICE
  +--> ?PR?BACKCLLASERL?MEDICALSERVICE
  +--> ?PR?BACKCRLASERR?MEDICALSERVICE

?PR?BACKA?MEDICALSERVICE                      -----    -----      -----    -----
  +--> ?PR?LEFT?MEDICALSERVICE
  +--> ?PR?RIGHT?MEDICALSERVICE

?PR?BACKCLLASERL?MEDICALSERVICE               -----    -----      -----    -----
  +--> ?PR?RIGHT?MEDICALSERVICE
  +--> ?PR?LEFT?MEDICALSERVICE

?PR?BACKCRLASERR?MEDICALSERVICE               -----    -----      -----    -----
  +--> ?PR?RIGHT?MEDICALSERVICE
  +--> ?PR?LEFT?MEDICALSERVICE

?PR?TURNBACKL?MEDICALSERVICE                  -----    -----      -----    -----
  +--> ?PR?_DELAY_MS?MEDICALSERVICE
  +--> ?PR?TURNL?MEDICALSERVICE

?PR?TURNBACKR?MEDICALSERVICE                  -----    -----      -----    -----
  +--> ?PR?_DELAY_MS?MEDICALSERVICE
  +--> ?PR?TURNR?MEDICALSERVICE

?PR?BACKBLASERMODIFY?MEDICALSERVICE           -----    -----      -----    -----
  +--> ?PR?_DELAY_MS?MEDICALSERVICE
  +--> ?PR?BACKB?MEDICALSERVICE
  +--> ?PR?BACKCLLASERL?MEDICALSERVICE
  +--> ?PR?BACKCRLASERR?MEDICALSERVICE

?PR?BACKB?MEDICALSERVICE                      -----    -----      -----    -----
  +--> ?PR?LEFT?MEDICALSERVICE
  +--> ?PR?RIGHT?MEDICALSERVICE
BL51 BANKED LINKER/LOCATER V6.22                                                      09/06/2018  20:44:30  PAGE 7



?PR?BACKBEGIN?MEDICALSERVICE                  -----    -----      -----    -----
  +--> ?PR?BACK?MEDICALSERVICE
  +--> ?PR?_CLDL?MEDICALSERVICE
  +--> ?PR?_CLDR?MEDICALSERVICE
  +--> ?PR?_CLD0?MEDICALSERVICE
  +--> ?PR?_CLD1?MEDICALSERVICE
  +--> ?PR?_CRD5?MEDICALSERVICE
  +--> ?PR?_CRD4?MEDICALSERVICE

?PR?GIVINGMEDICINE?MEDICALSERVICE             -----    -----      -----    -----
  +--> ?PR?STOP?MEDICALSERVICE
  +--> ?PR?_SETSERVOPOSITION1?MEDICALSERVICE
  +--> ?PR?_DELAY_MS?MEDICALSERVICE
  +--> ?PR?GONE?MEDICALSERVICE
  +--> ?PR?GO?MEDICALSERVICE
  +--> ?PR?TURNLEFTSENSOR?MEDICALSERVICE
  +--> ?PR?GONEBACK?MEDICALSERVICE
  +--> ?PR?BACK?MEDICALSERVICE
  +--> ?PR?GONENURSEPLATFORM?MEDICALSERVICE
  +--> ?PR?STEERINGMODIFY?MEDICALSERVICE

?PR?GONENURSEPLATFORM?MEDICALSERVICE          -----    -----      -----    -----
  +--> ?PR?GONURSEPLATFORM?MEDICALSERVICE
  +--> ?PR?_NURSEDL?MEDICALSERVICE
  +--> ?PR?_NURSEDR?MEDICALSERVICE
  +--> ?PR?_NURSED0?MEDICALSERVICE
  +--> ?PR?_NURSED1?MEDICALSERVICE
  +--> ?PR?_NURSED5?MEDICALSERVICE
  +--> ?PR?_NURSED4?MEDICALSERVICE

?PR?GONURSEPLATFORM?MEDICALSERVICE            -----    -----      -----    -----
  +--> ?PR?LEFT?MEDICALSERVICE
  +--> ?PR?RIGHT?MEDICALSERVICE

?PR?_NURSEDL?MEDICALSERVICE                   -----    -----      -----    -----
  +--> ?PR?RIGHT?MEDICALSERVICE
  +--> ?PR?LEFT?MEDICALSERVICE

?PR?_NURSEDR?MEDICALSERVICE                   -----    -----      -----    -----
  +--> ?PR?RIGHT?MEDICALSERVICE
  +--> ?PR?LEFT?MEDICALSERVICE

?PR?_NURSED0?MEDICALSERVICE                   -----    -----      -----    -----
  +--> ?PR?RIGHT?MEDICALSERVICE
  +--> ?PR?LEFT?MEDICALSERVICE

?PR?_NURSED1?MEDICALSERVICE                   -----    -----      -----    -----
  +--> ?PR?RIGHT?MEDICALSERVICE
  +--> ?PR?LEFT?MEDICALSERVICE

?PR?_NURSED5?MEDICALSERVICE                   -----    -----      -----    -----
  +--> ?PR?RIGHT?MEDICALSERVICE
  +--> ?PR?LEFT?MEDICALSERVICE

?PR?_NURSED4?MEDICALSERVICE                   -----    -----      -----    -----
  +--> ?PR?RIGHT?MEDICALSERVICE
BL51 BANKED LINKER/LOCATER V6.22                                                      09/06/2018  20:44:30  PAGE 8


  +--> ?PR?LEFT?MEDICALSERVICE

?PR?STEERINGMODIFY?MEDICALSERVICE             -----    -----      0021H    0004H
  +--> ?PR?_DELAY_MS?MEDICALSERVICE
  +--> ?PR?_SETSERVOPOSITION1?MEDICALSERVICE
  +--> ?PR?STEERINGGOL?MEDICALSERVICE
  +--> ?PR?STOP?MEDICALSERVICE
  +--> ?PR?STEERINGGOR?MEDICALSERVICE

?PR?STEERINGGOL?MEDICALSERVICE                -----    -----      -----    -----
  +--> ?PR?_ABS?ABS
  +--> ?PR?LEFT?MEDICALSERVICE
  +--> ?PR?RIGHT?MEDICALSERVICE

?PR?STEERINGGOR?MEDICALSERVICE                -----    -----      -----    -----
  +--> ?PR?_ABS?ABS
  +--> ?PR?LEFT?MEDICALSERVICE
  +--> ?PR?RIGHT?MEDICALSERVICE

?PR?GIVINGMEDICINEONE?MEDICALSERVICE          -----    -----      -----    -----
  +--> ?PR?GONEBACK?MEDICALSERVICE
  +--> ?PR?TURNLEFTSENSOR?MEDICALSERVICE
  +--> ?PR?_SETSERVOPOSITION1?MEDICALSERVICE
  +--> ?PR?BACKSUPPLEMENT?MEDICALSERVICE
  +--> ?PR?_DELAY_MS?MEDICALSERVICE
  +--> ?PR?BACK?MEDICALSERVICE
  +--> ?PR?GO?MEDICALSERVICE
  +--> ?PR?GOLASERMODIFY?MEDICALSERVICE
  +--> ?PR?BACKALASERMODIFY?MEDICALSERVICE
  +--> ?PR?GONENURSEPLATFORM?MEDICALSERVICE
  +--> ?PR?STEERINGMODIFY?MEDICALSERVICE
  +--> ?PR?TURN180?MEDICALSERVICE
  +--> ?PR?STOP?MEDICALSERVICE
  +--> ?PR?GONE?MEDICALSERVICE
  +--> ?PR?BACKBLASERMODIFY?MEDICALSERVICE
  +--> ?PR?TURNRIGHTSENSOR?MEDICALSERVICE

?PR?TURN180?MEDICALSERVICE                    -----    -----      -----    -----
  +--> ?PR?_DELAY_MS?MEDICALSERVICE
  +--> ?PR?TURNLEFTDELAY?MEDICALSERVICE
  +--> ?PR?STOP?MEDICALSERVICE

?PR?TURNLEFTDELAY?MEDICALSERVICE              -----    -----      -----    -----
  +--> ?PR?TURNL?MEDICALSERVICE
  +--> ?PR?_DELAY_MS?MEDICALSERVICE

?PR?GIVINGMEDICINETWO?MEDICALSERVICE          -----    -----      -----    -----
  +--> ?PR?BACKALASERMODIFY?MEDICALSERVICE
  +--> ?PR?_DELAY_MS?MEDICALSERVICE
  +--> ?PR?TURN180?MEDICALSERVICE
  +--> ?PR?STOP?MEDICALSERVICE
  +--> ?PR?_SETSERVOPOSITION1?MEDICALSERVICE
  +--> ?PR?GOLASERMODIFY?MEDICALSERVICE
  +--> ?PR?GO?MEDICALSERVICE
  +--> ?PR?BACKBLASERMODIFY?MEDICALSERVICE
  +--> ?PR?BACK?MEDICALSERVICE
  +--> ?PR?TURN180L?MEDICALSERVICE
BL51 BANKED LINKER/LOCATER V6.22                                                      09/06/2018  20:44:30  PAGE 9


  +--> ?PR?GONURSEPLATFORM?MEDICALSERVICE
  +--> ?PR?MODIFYCAR?MEDICALSERVICE
  +--> ?PR?STEERINGMODIFY?MEDICALSERVICE
  +--> ?PR?TURNLEFTSENSOR?MEDICALSERVICE
  +--> ?PR?BACKSUPPLEMENT?MEDICALSERVICE
  +--> ?PR?GONEBACK?MEDICALSERVICE
  +--> ?PR?GONESUPPLEMENT?MEDICALSERVICE
  +--> ?PR?TURNRIGHTSENSOR?MEDICALSERVICE

?PR?TURN180L?MEDICALSERVICE                   -----    -----      -----    -----
  +--> ?PR?_DELAY_MS?MEDICALSERVICE
  +--> ?PR?TURNLEFTDELAY?MEDICALSERVICE
  +--> ?PR?STOP?MEDICALSERVICE

?PR?MODIFYCAR?MEDICALSERVICE                  -----    -----      -----    -----
  +--> ?PR?STOP?MEDICALSERVICE
  +--> ?PR?_DELAY_MS?MEDICALSERVICE
  +--> ?PR?TURNRMODIFY?MEDICALSERVICE
  +--> ?PR?TURNLMODIFY?MEDICALSERVICE

?PR?TURNRMODIFY?MEDICALSERVICE                -----    -----      -----    -----
  +--> ?PR?RIGHT?MEDICALSERVICE
  +--> ?PR?LEFT?MEDICALSERVICE

?PR?TURNLMODIFY?MEDICALSERVICE                -----    -----      -----    -----
  +--> ?PR?RIGHT?MEDICALSERVICE
  +--> ?PR?LEFT?MEDICALSERVICE



SYMBOL TABLE OF MODULE:  医疗服务机器人规定动作程序设计 (MEDICALSERVICE)

  VALUE           TYPE          NAME
  ----------------------------------

  -------         MODULE        MEDICALSERVICE
  C:0000H         SYMBOL        _ICE_DUMMY_
  D:0080H         PUBLIC        P0
  C:1737H         PUBLIC        gonesupplement
  C:172DH         PUBLIC        turnrightdelay
  D:0090H         PUBLIC        P1
  B:00B0H.7       PUBLIC        lasersteering
  D:00A0H         PUBLIC        P2
  D:00B0H         PUBLIC        P3
  C:08E2H         PUBLIC        ModifyCar
  C:1586H         PUBLIC        turnLModify
  B:00A8H.7       PUBLIC        EA
  C:12C5H         PUBLIC        uart1_init
  C:15F4H         PUBLIC        init_uart2
  C:1718H         PUBLIC        _SendData
  C:1153H         PUBLIC        steeringgoL
  C:155AH         PUBLIC        turnRModify
  C:0B37H         PUBLIC        GivingMedicine
  C:1723H         PUBLIC        turnleftdelay
  C:1287H         PUBLIC        turnrightsensor
  B:00A0H.7       PUBLIC        BL
  D:00A8H         PUBLIC        IE
BL51 BANKED LINKER/LOCATER V6.22                                                      09/06/2018  20:44:30  PAGE 10


  C:14D6H         PUBLIC        gocllaserL
  B:00B0H.5       PUBLIC        DL
  C:117FH         PUBLIC        steeringgoR
  C:15B2H         PUBLIC        back
  B:00B0H.2       PUBLIC        BR
  D:00BDH         PUBLIC        ADC_RES
  B:0090H.0       PUBLIC        DR
  C:16F2H         PUBLIC        goA
  C:1570H         PUBLIC        turnL
  C:1624H         PUBLIC        voice
  C:1229H         PUBLIC        turnleftsensor
  D:00B8H         PUBLIC        IP
  C:14ECH         PUBLIC        gocrlaserR
  B:0098H.0       PUBLIC        RI
  C:0F70H         PUBLIC        backbegin
  B:00A0H.1       PUBLIC        k1
  B:00A0H.2       PUBLIC        k2
  B:0098H.1       PUBLIC        TI
  C:152EH         PUBLIC        turnR
  B:00A0H.0       PUBLIC        sonic
  C:13A4H         PUBLIC        right
  C:1663H         PUBLIC        _nurseD0
  C:1685H         PUBLIC        _nurseD1
  C:1038H         PUBLIC        main
  C:134EH         PUBLIC        _ShowResult
  C:13F6H         PUBLIC        _nurseD4
  C:1424H         PUBLIC        _nurseD5
  C:0F06H         PUBLIC        gone
  C:1245H         PUBLIC        turnbackL
  D:0008H         PUBLIC        count
  C:1611H         PUBLIC        left
  C:11FFH         PUBLIC        _CDS5516
  C:02CBH         PUBLIC        GivingMedicineOne
  D:00BCH         PUBLIC        ADC_CONTR
  D:0099H         PUBLIC        SBUF
  D:0087H         PUBLIC        PCON
  C:1266H         PUBLIC        turnbackR
  C:1741H         PUBLIC        gonesupplement1
  C:1380H         PUBLIC        turn180L
  C:0615H         PUBLIC        SteeringModify
  D:000AH         PUBLIC        tempposition
  D:0098H         PUBLIC        SCON
  C:16C6H         PUBLIC        InitUart
  C:0E97H         PUBLIC        _SetServoSpeed
  D:0089H         PUBLIC        TMOD
  D:0088H         PUBLIC        TCON
  C:1334H         PUBLIC        init
  C:1544H         PUBLIC        turnR180
  C:11B2H         PUBLIC        backALaserModify
  C:12FEH         PUBLIC        UART2_RCV
  C:11DCH         PUBLIC        backBLaserModify
  D:000CH         PUBLIC        B_RI
  C:000EH         PUBLIC        goLaserModify
  C:0FDAH         PUBLIC        goneback
  D:000DH         PUBLIC        B_TI
  D:00AFH         PUBLIC        IE2
  C:13C8H         PUBLIC        _nurseDL
BL51 BANKED LINKER/LOCATER V6.22                                                      09/06/2018  20:44:30  PAGE 11


  D:008EH         PUBLIC        AUXR
  C:147EH         PUBLIC        clB0
  C:1494H         PUBLIC        clB1
  C:1652H         PUBLIC        _clD0
  C:109DH         PUBLIC        LENGTH
  C:1674H         PUBLIC        _clD1
  C:108EH         PUBLIC        HEX_VALUE
  C:14AAH         PUBLIC        clB4
  C:14C0H         PUBLIC        clB5
  C:1641H         PUBLIC        _nurseDR
  C:0473H         PUBLIC        GivingMedicineTwo
  C:0BEFH         PUBLIC        gonenurseplatform
  C:16BDH         PUBLIC        stop
  B:00A8H.1       PUBLIC        ET0
  B:0080H.2       PUBLIC        ML1
  B:00A8H.3       PUBLIC        ET1
  C:1502H         PUBLIC        backcllaserL
  B:0080H.3       PUBLIC        ML2
  D:008CH         PUBLIC        TH0
  C:0C9DH         PUBLIC        _SetServoPosition1
  D:008DH         PUBLIC        TH1
  C:13DFH         PUBLIC        _crD4
  C:0DA3H         PUBLIC        _SetServoPosition2
  C:140DH         PUBLIC        _crD5
  B:0080H.4       PUBLIC        MR1
  D:008AH         PUBLIC        TL0
  C:0A1EH         PUBLIC        Makewardrounds
  D:000EH         PUBLIC        num
  B:0080H.5       PUBLIC        MR2
  D:008BH         PUBLIC        TL1
  B:00B0H.6       PUBLIC        Middle
  C:1128H         PUBLIC        _delay_ms
  C:15C8H         PUBLIC        backA
  B:0080H.0       PUBLIC        ENA
  C:15DEH         PUBLIC        backB
  B:0080H.1       PUBLIC        ENB
  C:16E4H         PUBLIC        go
  B:0088H.4       PUBLIC        TR0
  C:1518H         PUBLIC        backcrlaserR
  B:0088H.6       PUBLIC        TR1
  C:12A7H         PUBLIC        turnrightn
  D:009DH         PUBLIC        P1ASF
  C:16D5H         PUBLIC        InitADC
  C:13B1H         PUBLIC        _clDL
  C:10D9H         PUBLIC        time0
  D:0010H         PUBLIC        hightL
  D:009BH         PUBLIC        S2BUF
  C:1452H         PUBLIC        crBL
  C:1367H         PUBLIC        turn180
  C:1630H         PUBLIC        _clDR
  B:00B0H.3       PUBLIC        laserL
  D:009AH         PUBLIC        S2CON
  D:00C8H         PUBLIC        T2CON
  C:174BH         PUBLIC        backsupplement
  C:143BH         PUBLIC        turnleftn
  C:1755H         PUBLIC        uart1_ReceByte
  D:009CH         PUBLIC        BRT
BL51 BANKED LINKER/LOCATER V6.22                                                      09/06/2018  20:44:30  PAGE 12


  D:0012H         PUBLIC        hightR
  C:1468H         PUBLIC        crBR
  C:0781H         PUBLIC        _Return_length
  B:00B0H.4       PUBLIC        laserR
  C:0D1EH         PUBLIC        turnright
  C:12E2H         PUBLIC        _GetADCResult
  B:0090H.5       PUBLIC        B0
  C:1319H         PUBLIC        _Delay
  B:0090H.6       PUBLIC        B1
  C:159CH         PUBLIC        gonurseplatform
  B:0090H.7       PUBLIC        B2
  B:0080H.6       PUBLIC        D0
  C:0003H         PUBLIC        _uart1_SendByte
  C:1696H         PUBLIC        _delayms
  B:00A0H.4       PUBLIC        B3
  B:0080H.7       PUBLIC        D1
  C:16ACH         PUBLIC        _uart2_SendByte
  B:00A0H.5       PUBLIC        B4
  B:0090H.1       PUBLIC        D2
  B:00A0H.6       PUBLIC        B5
  B:0090H.2       PUBLIC        D3
  B:0090H.3       PUBLIC        D4
  B:00A0H.3       PUBLIC        Voice
  B:0090H.4       PUBLIC        D5
  C:0E1EH         PUBLIC        turnleft
  D:00D0H         PUBLIC        PSW
  -------         PROC          _CDS5516
  D:002AH         SYMBOL        ID
  D:002BH         SYMBOL        V_pos
  D:002DH         SYMBOL        V_speed
  C:11FFH         LINE#         72
  C:1209H         LINE#         73
  C:1209H         LINE#         74
  C:120EH         LINE#         75
  C:1212H         LINE#         76
  C:1212H         LINE#         77
  C:1215H         LINE#         78
  C:1215H         LINE#         79
  -------         ENDPROC       _CDS5516
  -------         PROC          _DELAYMS
  D:0007H         SYMBOL        ms
  -------         DO            
  D:0004H         SYMBOL        i
  -------         ENDDO         
  C:1696H         LINE#         83
  C:1696H         LINE#         84
  C:1696H         LINE#         86
  C:1696H         LINE#         87
  C:169AH         LINE#         88
  C:16A3H         LINE#         89
  C:16A5H         LINE#         90
  -------         ENDPROC       _DELAYMS
  -------         PROC          INIT_UART2
  C:15F4H         LINE#         93
  C:15F4H         LINE#         94
  C:15F4H         LINE#         95
  C:15F7H         LINE#         96
BL51 BANKED LINKER/LOCATER V6.22                                                      09/06/2018  20:44:30  PAGE 13


  C:15FAH         LINE#         97
  C:15FDH         LINE#         98
  C:1600H         LINE#         99
  C:1603H         LINE#         100
  C:1606H         LINE#         101
  C:1608H         LINE#         102
  -------         ENDPROC       INIT_UART2
  -------         PROC          L?0659
  -------         ENDPROC       L?0659
  -------         PROC          _UART2_SENDBYTE
  D:0007H         SYMBOL        S_Byte
  C:16ACH         LINE#         106
  C:16ACH         LINE#         107
  C:16ACH         LINE#         108
  C:16AEH         LINE#         109
  C:16B2H         LINE#         110
  C:16B5H         LINE#         111
  -------         ENDPROC       _UART2_SENDBYTE
  -------         PROC          UART1_INIT
  C:12C5H         LINE#         117
  C:12C5H         LINE#         118
  C:12C5H         LINE#         119
  C:12C8H         LINE#         120
  C:12CBH         LINE#         121
  C:12CEH         LINE#         122
  C:12D1H         LINE#         123
  C:12D4H         LINE#         124
  C:12D7H         LINE#         125
  C:12DAH         LINE#         126
  C:12DDH         LINE#         127
  C:12DFH         LINE#         128
  C:12E1H         LINE#         129
  -------         ENDPROC       UART1_INIT
  -------         PROC          _UART1_SENDBYTE
  D:0007H         SYMBOL        S_Byte
  C:0003H         LINE#         131
  C:0003H         LINE#         132
  C:0003H         LINE#         133
  C:0005H         LINE#         134
  C:0008H         LINE#         135
  C:000AH         LINE#         136
  -------         ENDPROC       _UART1_SENDBYTE
  -------         PROC          UART1_RECEBYTE
  C:1755H         LINE#         138
  C:1755H         LINE#         139
  C:1755H         LINE#         140
  C:1758H         LINE#         141
  C:175AH         LINE#         142
  -------         ENDPROC       UART1_RECEBYTE
  C:0C8BH         SYMBOL        L?0645
  C:0C8DH         SYMBOL        L?0646
  C:0C97H         SYMBOL        L?0647
  C:0C99H         SYMBOL        L?0648
  -------         PROC          L?0644
  -------         ENDPROC       L?0644
  C:0C8BH         SYMBOL        L?0645
  C:0C8DH         SYMBOL        L?0646
BL51 BANKED LINKER/LOCATER V6.22                                                      09/06/2018  20:44:30  PAGE 14


  C:0C97H         SYMBOL        L?0647
  C:0C99H         SYMBOL        L?0648
  -------         PROC          _SETSERVOPOSITION1
  D:0025H         SYMBOL        ID
  D:0004H         SYMBOL        V_pos
  D:0002H         SYMBOL        V_speed
  -------         DO            
  D:0026H         SYMBOL        temp_speed
  D:0082H         SYMBOL        temp_pos
  D:0028H         SYMBOL        temp_speed_h
  D:0029H         SYMBOL        temp_speed_l
  D:0006H         SYMBOL        temp_pos_h
  D:0001H         SYMBOL        temp_pos_l
  D:0007H         SYMBOL        temp_sum
  -------         ENDDO         
  C:0C9DH         LINE#         161
  C:0C9FH         LINE#         162
  C:0C9FH         LINE#         163
  C:0CA4H         LINE#         164
  C:0CA8H         LINE#         165
  C:0CAAH         LINE#         166
  C:0CACH         LINE#         167
  C:0CACH         LINE#         168
  C:0CACH         LINE#         169
  C:0CACH         LINE#         172
  C:0CB5H         LINE#         173
  C:0CB5H         LINE#         174
  C:0CBBH         LINE#         175
  C:0CBDH         LINE#         176
  C:0CC1H         LINE#         178
  C:0CCAH         LINE#         179
  C:0CCCH         LINE#         180
  C:0CD0H         LINE#         183
  C:0CD2H         LINE#         184
  C:0CD4H         LINE#         186
  C:0CD6H         LINE#         187
  C:0CD8H         LINE#         189
  C:0CDDH         LINE#         191
  C:0CE0H         LINE#         193
  C:0CE5H         LINE#         195
  C:0CEAH         LINE#         197
  C:0CEFH         LINE#         199
  C:0CF4H         LINE#         201
  C:0CF9H         LINE#         203
  C:0CFEH         LINE#         205
  C:0D03H         LINE#         207
  C:0D08H         LINE#         209
  C:0D13H         LINE#         211
  C:0D16H         LINE#         213
  C:0D19H         LINE#         215
  -------         ENDPROC       _SETSERVOPOSITION1
  -------         PROC          _SETSERVOPOSITION2
  D:002FH         SYMBOL        ID
  D:0004H         SYMBOL        V_pos
  D:0002H         SYMBOL        V_speed
  -------         DO            
  D:0030H         SYMBOL        temp_speed
BL51 BANKED LINKER/LOCATER V6.22                                                      09/06/2018  20:44:30  PAGE 15


  D:0082H         SYMBOL        temp_pos
  D:0032H         SYMBOL        temp_speed_h
  D:0033H         SYMBOL        temp_speed_l
  D:0006H         SYMBOL        temp_pos_h
  D:0001H         SYMBOL        temp_pos_l
  D:0007H         SYMBOL        temp_sum
  -------         ENDDO         
  C:0DA3H         LINE#         222
  C:0DA5H         LINE#         223
  C:0DA5H         LINE#         224
  C:0DAAH         LINE#         225
  C:0DAEH         LINE#         226
  C:0DB0H         LINE#         227
  C:0DB2H         LINE#         228
  C:0DB2H         LINE#         229
  C:0DB2H         LINE#         230
  C:0DB2H         LINE#         232
  C:0DBBH         LINE#         233
  C:0DBBH         LINE#         234
  C:0DC1H         LINE#         235
  C:0DC3H         LINE#         236
  C:0DC7H         LINE#         238
  C:0DD0H         LINE#         239
  C:0DD2H         LINE#         240
  C:0DD6H         LINE#         242
  C:0DD8H         LINE#         243
  C:0DDAH         LINE#         245
  C:0DDCH         LINE#         246
  C:0DDEH         LINE#         249
  C:0DE3H         LINE#         251
  C:0DE6H         LINE#         252
  C:0DEBH         LINE#         254
  C:0DF0H         LINE#         256
  C:0DF5H         LINE#         258
  C:0DFAH         LINE#         260
  C:0DFFH         LINE#         262
  C:0E04H         LINE#         264
  C:0E09H         LINE#         266
  C:0E0EH         LINE#         268
  C:0E16H         LINE#         270
  C:0E16H         LINE#         272
  C:0E19H         LINE#         274
  -------         ENDPROC       _SETSERVOPOSITION2
  -------         PROC          _SETSERVOSPEED
  D:001EH         SYMBOL        ID
  D:0004H         SYMBOL        V_speed
  -------         DO            
  D:001FH         SYMBOL        temp_sign
  D:0002H         SYMBOL        temp_speed
  D:0006H         SYMBOL        temp_speed_h
  D:0001H         SYMBOL        temp_speed_l
  D:0007H         SYMBOL        temp_sum
  -------         ENDDO         
  C:0E97H         LINE#         279
  C:0E99H         LINE#         280
  C:0E99H         LINE#         281
  C:0E9CH         LINE#         282
BL51 BANKED LINKER/LOCATER V6.22                                                      09/06/2018  20:44:30  PAGE 16


  C:0E9CH         LINE#         283
  C:0E9CH         LINE#         284
  C:0E9CH         LINE#         285
  C:0E9CH         LINE#         287
  C:0EA4H         LINE#         288
  C:0EA4H         LINE#         289
  C:0EABH         LINE#         290
  C:0EAEH         LINE#         291
  C:0EB0H         LINE#         293
  C:0EB0H         LINE#         294
  C:0EB4H         LINE#         295
  C:0EB7H         LINE#         296
  C:0EB7H         LINE#         298
  C:0EC2H         LINE#         299
  C:0EC6H         LINE#         305
  C:0ED0H         LINE#         307
  C:0ED2H         LINE#         308
  C:0ED4H         LINE#         311
  C:0ED9H         LINE#         313
  C:0EDCH         LINE#         315
  C:0EE1H         LINE#         317
  C:0EE6H         LINE#         319
  C:0EEBH         LINE#         321
  C:0EF0H         LINE#         323
  C:0EF5H         LINE#         325
  C:0EFAH         LINE#         327
  C:0EFEH         LINE#         329
  C:0EFEH         LINE#         331
  C:0F01H         LINE#         333
  -------         ENDPROC       _SETSERVOSPEED
  -------         PROC          UART2_RCV
  C:12FEH         LINE#         339
  C:1300H         LINE#         342
  C:1305H         LINE#         343
  C:1305H         LINE#         344
  C:1308H         LINE#         345
  C:130BH         LINE#         346
  C:130BH         LINE#         347
  C:1310H         LINE#         348
  C:1310H         LINE#         349
  C:1313H         LINE#         350
  C:1316H         LINE#         351
  C:1316H         LINE#         352
  -------         ENDPROC       UART2_RCV
  -------         PROC          _SHOWRESULT
  D:0034H         SYMBOL        ch
  C:134EH         LINE#         70
  C:1350H         LINE#         71
  C:1350H         LINE#         72
  C:1359H         LINE#         73
  -------         ENDPROC       _SHOWRESULT
  -------         PROC          _GETADCRESULT
  D:0007H         SYMBOL        ch
  C:12E2H         LINE#         79
  C:12E2H         LINE#         80
  C:12E2H         LINE#         81
  C:12E7H         LINE#         82
BL51 BANKED LINKER/LOCATER V6.22                                                      09/06/2018  20:44:30  PAGE 17


  C:12E8H         LINE#         83
  C:12E9H         LINE#         84
  C:12EAH         LINE#         85
  C:12EBH         LINE#         86
  C:12F0H         LINE#         87
  C:12F3H         LINE#         89
  C:12FDH         LINE#         90
  -------         ENDPROC       _GETADCRESULT
  -------         PROC          INITUART
  C:16C6H         LINE#         95
  C:16C6H         LINE#         96
  C:16C6H         LINE#         97
  C:16C9H         LINE#         98
  C:16CCH         LINE#         100
  C:16CFH         LINE#         101
  C:16D2H         LINE#         102
  C:16D4H         LINE#         103
  -------         ENDPROC       INITUART
  -------         PROC          INITADC
  C:16D5H         LINE#         108
  C:16D5H         LINE#         109
  C:16D5H         LINE#         110
  C:16D8H         LINE#         111
  C:16DBH         LINE#         112
  C:16DEH         LINE#         113
  -------         ENDPROC       INITADC
  -------         PROC          _SENDDATA
  D:0004H         SYMBOL        dat
  C:1718H         LINE#         119
  C:1718H         LINE#         120
  C:1718H         LINE#         121
  C:171BH         LINE#         122
  C:171DH         LINE#         123
  C:1722H         LINE#         124
  -------         ENDPROC       _SENDDATA
  -------         PROC          _DELAY
  D:0006H         SYMBOL        n
  -------         DO            
  D:0004H         SYMBOL        x
  -------         ENDDO         
  C:1319H         LINE#         129
  C:1319H         LINE#         130
  C:1319H         LINE#         133
  C:1323H         LINE#         134
  C:1323H         LINE#         135
  C:1327H         LINE#         136
  C:1333H         LINE#         138
  -------         ENDPROC       _DELAY
  -------         PROC          _RETURN_LENGTH
  D:0014H         SYMBOL        num
  -------         DO            
  D:0016H         SYMBOL        mid_num
  D:0018H         SYMBOL        high
  D:001AH         SYMBOL        mid
  D:001CH         SYMBOL        low
  -------         ENDDO         
  C:0781H         LINE#         140
BL51 BANKED LINKER/LOCATER V6.22                                                      09/06/2018  20:44:30  PAGE 18


  C:0785H         LINE#         141
  C:0785H         LINE#         142
  C:0796H         LINE#         143
  C:07B2H         LINE#         144
  C:07B2H         LINE#         145
  C:07C6H         LINE#         147
  C:07CDH         LINE#         148
  C:07CDH         LINE#         149
  C:07DCH         LINE#         150
  C:07DCH         LINE#         151
  C:07F1H         LINE#         152
  C:07F1H         LINE#         153
  C:0800H         LINE#         155
  C:0800H         LINE#         156
  C:0815H         LINE#         157
  C:0815H         LINE#         158
  C:0831H         LINE#         159
  C:0831H         LINE#         160
  C:083CH         LINE#         161
  C:083CH         LINE#         162
  C:0842H         LINE#         163
  C:0853H         LINE#         164
  C:0859H         LINE#         165
  C:085CH         LINE#         166
  C:086AH         LINE#         167
  C:086AH         LINE#         168
  C:0870H         LINE#         169
  C:0881H         LINE#         170
  C:0887H         LINE#         171
  C:0887H         LINE#         172
  C:088AH         LINE#         173
  C:08E1H         LINE#         174
  -------         ENDPROC       _RETURN_LENGTH
  C:111EH         SYMBOL        L?0641
  C:1121H         SYMBOL        L?0642
  C:1124H         SYMBOL        L?0643
  -------         PROC          L?0640
  -------         ENDPROC       L?0640
  C:111EH         SYMBOL        L?0641
  C:1121H         SYMBOL        L?0642
  C:1124H         SYMBOL        L?0643
  -------         PROC          _DELAY_MS
  D:0006H         SYMBOL        t
  -------         DO            
  D:0006H         SYMBOL        a
  D:0004H         SYMBOL        b
  D:0002H         SYMBOL        c
  -------         ENDDO         
  C:1128H         LINE#         51
  C:1128H         LINE#         52
  C:1128H         LINE#         55
  C:1131H         LINE#         57
  C:1135H         LINE#         59
  C:1152H         LINE#         60
  -------         ENDPROC       _DELAY_MS
  C:16B8H         SYMBOL        L?0653
  -------         PROC          L?0652
BL51 BANKED LINKER/LOCATER V6.22                                                      09/06/2018  20:44:30  PAGE 19


  -------         ENDPROC       L?0652
  C:16B8H         SYMBOL        L?0653
  -------         PROC          STOP
  C:16BDH         LINE#         62
  C:16BDH         LINE#         63
  C:16BDH         LINE#         64
  C:16BFH         LINE#         65
  C:16C1H         LINE#         66
  C:16C3H         LINE#         67
  C:16C5H         LINE#         68
  -------         ENDPROC       STOP
  -------         PROC          INIT
  C:1334H         LINE#         70
  C:1334H         LINE#         71
  C:1334H         LINE#         72
  C:1336H         LINE#         73
  C:1338H         LINE#         74
  C:133EH         LINE#         75
  C:1341H         LINE#         76
  C:1343H         LINE#         77
  C:1345H         LINE#         78
  C:1348H         LINE#         79
  C:134BH         LINE#         80
  C:134DH         LINE#         81
  -------         ENDPROC       INIT
  -------         PROC          L?0658
  -------         ENDPROC       L?0658
  -------         PROC          LEFT
  B:0020H.0       SYMBOL        f
  C:1611H         LINE#         92
  C:1611H         LINE#         93
  C:1611H         LINE#         94
  C:1614H         LINE#         95
  C:1614H         LINE#         96
  C:1616H         LINE#         97
  C:1618H         LINE#         98
  C:1619H         LINE#         100
  C:1619H         LINE#         101
  C:161BH         LINE#         102
  C:161DH         LINE#         103
  C:161DH         LINE#         104
  -------         ENDPROC       LEFT
  C:1399H         SYMBOL        L?0650
  C:139FH         SYMBOL        L?0651
  -------         PROC          L?0649
  -------         ENDPROC       L?0649
  C:1399H         SYMBOL        L?0650
  C:139FH         SYMBOL        L?0651
  -------         PROC          RIGHT
  B:0020H.0       SYMBOL        f
  C:13A4H         LINE#         107
  C:13A4H         LINE#         108
  C:13A4H         LINE#         109
  C:13A7H         LINE#         110
  C:13A7H         LINE#         111
  C:13A9H         LINE#         112
  C:13ABH         LINE#         113
BL51 BANKED LINKER/LOCATER V6.22                                                      09/06/2018  20:44:30  PAGE 20


  C:13ACH         LINE#         115
  C:13ACH         LINE#         116
  C:13AEH         LINE#         117
  C:13B0H         LINE#         118
  C:13B0H         LINE#         119
  -------         ENDPROC       RIGHT
  -------         PROC          _CLDL
  D:0007H         SYMBOL        status
  C:13B1H         LINE#         121
  C:13B1H         LINE#         122
  C:13B1H         LINE#         123
  C:13B7H         LINE#         124
  C:13BDH         LINE#         125
  C:13C0H         LINE#         126
  -------         ENDPROC       _CLDL
  -------         PROC          _NURSEDL
  D:0007H         SYMBOL        status
  C:13C8H         LINE#         129
  C:13C8H         LINE#         130
  C:13C8H         LINE#         131
  C:13CEH         LINE#         132
  C:13D4H         LINE#         133
  C:13D7H         LINE#         134
  -------         ENDPROC       _NURSEDL
  -------         PROC          CRBL
  C:1452H         LINE#         136
  C:1452H         LINE#         137
  C:1452H         LINE#         138
  C:1458H         LINE#         139
  C:145EH         LINE#         140
  C:1463H         LINE#         141
  -------         ENDPROC       CRBL
  -------         PROC          _CLDR
  D:0007H         SYMBOL        status
  C:1630H         LINE#         144
  C:1630H         LINE#         145
  C:1630H         LINE#         146
  C:1636H         LINE#         147
  C:1636H         LINE#         148
  C:1639H         LINE#         149
  -------         ENDPROC       _CLDR
  -------         PROC          _NURSEDR
  D:0007H         SYMBOL        status
  C:1641H         LINE#         152
  C:1641H         LINE#         153
  C:1641H         LINE#         154
  C:1647H         LINE#         155
  C:1647H         LINE#         156
  C:164AH         LINE#         157
  -------         ENDPROC       _NURSEDR
  -------         PROC          CRBR
  C:1468H         LINE#         160
  C:1468H         LINE#         161
  C:1468H         LINE#         162
  C:146EH         LINE#         163
  C:1474H         LINE#         164
  C:1479H         LINE#         165
BL51 BANKED LINKER/LOCATER V6.22                                                      09/06/2018  20:44:30  PAGE 21


  -------         ENDPROC       CRBR
  -------         PROC          _CLD0
  D:0007H         SYMBOL        status
  C:1652H         LINE#         168
  C:1652H         LINE#         169
  C:1652H         LINE#         170
  C:1658H         LINE#         171
  C:1658H         LINE#         172
  C:165BH         LINE#         173
  -------         ENDPROC       _CLD0
  -------         PROC          _NURSED0
  D:0007H         SYMBOL        status
  C:1663H         LINE#         176
  C:1663H         LINE#         177
  C:1663H         LINE#         178
  C:1669H         LINE#         179
  C:1669H         LINE#         180
  C:166CH         LINE#         181
  -------         ENDPROC       _NURSED0
  -------         PROC          CLB0
  C:147EH         LINE#         184
  C:147EH         LINE#         185
  C:147EH         LINE#         186
  C:1484H         LINE#         187
  C:148AH         LINE#         188
  C:148FH         LINE#         189
  -------         ENDPROC       CLB0
  -------         PROC          _CLD1
  D:0007H         SYMBOL        status
  C:1674H         LINE#         191
  C:1674H         LINE#         192
  C:1674H         LINE#         193
  C:167AH         LINE#         194
  C:167AH         LINE#         195
  C:167DH         LINE#         196
  -------         ENDPROC       _CLD1
  -------         PROC          _NURSED1
  D:0007H         SYMBOL        status
  C:1685H         LINE#         199
  C:1685H         LINE#         200
  C:1685H         LINE#         201
  C:168BH         LINE#         202
  C:168BH         LINE#         203
  C:168EH         LINE#         204
  -------         ENDPROC       _NURSED1
  -------         PROC          CLB1
  C:1494H         LINE#         207
  C:1494H         LINE#         208
  C:1494H         LINE#         209
  C:149AH         LINE#         210
  C:14A0H         LINE#         211
  C:14A5H         LINE#         212
  -------         ENDPROC       CLB1
  -------         PROC          _CRD4
  D:0007H         SYMBOL        status
  C:13DFH         LINE#         214
  C:13DFH         LINE#         215
BL51 BANKED LINKER/LOCATER V6.22                                                      09/06/2018  20:44:30  PAGE 22


  C:13DFH         LINE#         216
  C:13E5H         LINE#         217
  C:13EBH         LINE#         218
  C:13EEH         LINE#         219
  -------         ENDPROC       _CRD4
  -------         PROC          _NURSED4
  D:0007H         SYMBOL        status
  C:13F6H         LINE#         222
  C:13F6H         LINE#         223
  C:13F6H         LINE#         224
  C:13FCH         LINE#         225
  C:1402H         LINE#         226
  C:1405H         LINE#         227
  -------         ENDPROC       _NURSED4
  -------         PROC          CLB4
  C:14AAH         LINE#         230
  C:14AAH         LINE#         231
  C:14AAH         LINE#         232
  C:14B0H         LINE#         233
  C:14B6H         LINE#         234
  C:14BBH         LINE#         235
  -------         ENDPROC       CLB4
  -------         PROC          _CRD5
  D:0007H         SYMBOL        status
  C:140DH         LINE#         238
  C:140DH         LINE#         239
  C:140DH         LINE#         240
  C:1413H         LINE#         241
  C:1419H         LINE#         242
  C:141CH         LINE#         243
  -------         ENDPROC       _CRD5
  -------         PROC          _NURSED5
  D:0007H         SYMBOL        status
  C:1424H         LINE#         246
  C:1424H         LINE#         247
  C:1424H         LINE#         248
  C:142AH         LINE#         249
  C:1430H         LINE#         250
  C:1433H         LINE#         251
  -------         ENDPROC       _NURSED5
  -------         PROC          CLB5
  C:14C0H         LINE#         254
  C:14C0H         LINE#         255
  C:14C0H         LINE#         256
  C:14C6H         LINE#         257
  C:14CCH         LINE#         258
  C:14D1H         LINE#         259
  -------         ENDPROC       CLB5
  -------         PROC          GOCLLASERL
  C:14D6H         LINE#         262
  C:14D6H         LINE#         263
  C:14D6H         LINE#         264
  C:14DCH         LINE#         265
  C:14E2H         LINE#         266
  C:14E7H         LINE#         267
  -------         ENDPROC       GOCLLASERL
  -------         PROC          GOCRLASERR
BL51 BANKED LINKER/LOCATER V6.22                                                      09/06/2018  20:44:30  PAGE 23


  C:14ECH         LINE#         269
  C:14ECH         LINE#         270
  C:14ECH         LINE#         271
  C:14F2H         LINE#         272
  C:14F8H         LINE#         273
  C:14FDH         LINE#         274
  -------         ENDPROC       GOCRLASERR
  -------         PROC          BACKCLLASERL
  C:1502H         LINE#         276
  C:1502H         LINE#         277
  C:1502H         LINE#         278
  C:1508H         LINE#         279
  C:150EH         LINE#         280
  C:1513H         LINE#         281
  -------         ENDPROC       BACKCLLASERL
  -------         PROC          BACKCRLASERR
  C:1518H         LINE#         283
  C:1518H         LINE#         284
  C:1518H         LINE#         285
  C:151EH         LINE#         286
  C:1524H         LINE#         287
  C:1529H         LINE#         288
  -------         ENDPROC       BACKCRLASERR
  -------         PROC          TURNR
  C:152EH         LINE#         291
  C:152EH         LINE#         292
  C:152EH         LINE#         293
  C:1534H         LINE#         294
  C:153AH         LINE#         295
  C:153FH         LINE#         296
  -------         ENDPROC       TURNR
  -------         PROC          TURNR180
  C:1544H         LINE#         299
  C:1544H         LINE#         300
  C:1544H         LINE#         301
  C:154AH         LINE#         302
  C:1550H         LINE#         303
  C:1555H         LINE#         304
  -------         ENDPROC       TURNR180
  -------         PROC          TURNRMODIFY
  C:155AH         LINE#         307
  C:155AH         LINE#         308
  C:155AH         LINE#         309
  C:1560H         LINE#         310
  C:1566H         LINE#         311
  C:156BH         LINE#         312
  -------         ENDPROC       TURNRMODIFY
  -------         PROC          TURNL
  C:1570H         LINE#         315
  C:1570H         LINE#         316
  C:1570H         LINE#         317
  C:1576H         LINE#         318
  C:157CH         LINE#         319
  C:1581H         LINE#         320
  -------         ENDPROC       TURNL
  -------         PROC          TURNLMODIFY
  C:1586H         LINE#         323
BL51 BANKED LINKER/LOCATER V6.22                                                      09/06/2018  20:44:30  PAGE 24


  C:1586H         LINE#         324
  C:1586H         LINE#         325
  C:158CH         LINE#         326
  C:1592H         LINE#         327
  C:1597H         LINE#         328
  -------         ENDPROC       TURNLMODIFY
  -------         PROC          GO
  C:16E4H         LINE#         331
  C:16E4H         LINE#         332
  C:16E4H         LINE#         335
  C:16EAH         LINE#         336
  C:16EAH         LINE#         337
  C:16EDH         LINE#         338
  -------         ENDPROC       GO
  -------         PROC          GONURSEPLATFORM
  C:159CH         LINE#         341
  C:159CH         LINE#         342
  C:159CH         LINE#         343
  C:15A2H         LINE#         344
  C:15A8H         LINE#         345
  C:15ADH         LINE#         346
  -------         ENDPROC       GONURSEPLATFORM
  -------         PROC          BACK
  C:15B2H         LINE#         348
  C:15B2H         LINE#         349
  C:15B2H         LINE#         350
  C:15B8H         LINE#         351
  C:15BEH         LINE#         352
  C:15C3H         LINE#         353
  -------         ENDPROC       BACK
  -------         PROC          BACKA
  C:15C8H         LINE#         356
  C:15C8H         LINE#         357
  C:15C8H         LINE#         358
  C:15CEH         LINE#         359
  C:15D4H         LINE#         360
  C:15D9H         LINE#         361
  -------         ENDPROC       BACKA
  -------         PROC          GOA
  C:16F2H         LINE#         365
  C:16F2H         LINE#         366
  C:16F2H         LINE#         367
  C:16F8H         LINE#         368
  C:16F8H         LINE#         369
  C:16FBH         LINE#         370
  -------         ENDPROC       GOA
  -------         PROC          BACKB
  C:15DEH         LINE#         373
  C:15DEH         LINE#         374
  C:15DEH         LINE#         375
  C:15E4H         LINE#         376
  C:15EAH         LINE#         377
  C:15EFH         LINE#         378
  -------         ENDPROC       BACKB
  -------         PROC          GONE
  C:0F06H         LINE#         381
  C:0F06H         LINE#         382
BL51 BANKED LINKER/LOCATER V6.22                                                      09/06/2018  20:44:30  PAGE 25


  C:0F06H         LINE#         383
  C:0F09H         LINE#         384
  C:0F0FH         LINE#         385
  C:0F0FH         LINE#         386
  C:0F12H         LINE#         387
  C:0F12H         LINE#         388
  C:0F17H         LINE#         389
  C:0F1DH         LINE#         390
  C:0F1DH         LINE#         391
  C:0F1DH         LINE#         392
  C:0F1DH         LINE#         393
  C:0F1DH         LINE#         394
  C:0F20H         LINE#         395
  C:0F20H         LINE#         396
  C:0F25H         LINE#         397
  C:0F2BH         LINE#         398
  C:0F2BH         LINE#         399
  C:0F2BH         LINE#         400
  C:0F2BH         LINE#         401
  C:0F2BH         LINE#         402
  C:0F2BH         LINE#         403
  C:0F31H         LINE#         404
  C:0F31H         LINE#         405
  C:0F34H         LINE#         406
  C:0F34H         LINE#         407
  C:0F39H         LINE#         408
  C:0F3FH         LINE#         409
  C:0F3FH         LINE#         410
  C:0F3FH         LINE#         411
  C:0F3FH         LINE#         412
  C:0F3FH         LINE#         413
  C:0F42H         LINE#         414
  C:0F42H         LINE#         415
  C:0F47H         LINE#         416
  C:0F4DH         LINE#         417
  C:0F4DH         LINE#         418
  C:0F4DH         LINE#         419
  C:0F4DH         LINE#         420
  C:0F4DH         LINE#         421
  C:0F4DH         LINE#         422
  C:0F53H         LINE#         423
  C:0F53H         LINE#         424
  C:0F56H         LINE#         425
  C:0F56H         LINE#         426
  C:0F5BH         LINE#         427
  C:0F61H         LINE#         428
  C:0F61H         LINE#         429
  C:0F61H         LINE#         430
  C:0F61H         LINE#         431
  C:0F61H         LINE#         432
  C:0F64H         LINE#         433
  C:0F64H         LINE#         434
  C:0F69H         LINE#         435
  C:0F6FH         LINE#         436
  C:0F6FH         LINE#         437
  C:0F6FH         LINE#         438
  C:0F6FH         LINE#         439
BL51 BANKED LINKER/LOCATER V6.22                                                      09/06/2018  20:44:30  PAGE 26


  C:0F6FH         LINE#         440
  C:0F6FH         LINE#         441
  -------         ENDPROC       GONE
  -------         PROC          BACKBEGIN
  C:0F70H         LINE#         443
  C:0F70H         LINE#         444
  C:0F70H         LINE#         445
  C:0F73H         LINE#         446
  C:0F79H         LINE#         447
  C:0F79H         LINE#         448
  C:0F7CH         LINE#         449
  C:0F7CH         LINE#         450
  C:0F81H         LINE#         451
  C:0F87H         LINE#         452
  C:0F87H         LINE#         453
  C:0F87H         LINE#         454
  C:0F87H         LINE#         455
  C:0F87H         LINE#         456
  C:0F8AH         LINE#         457
  C:0F8AH         LINE#         458
  C:0F8FH         LINE#         459
  C:0F95H         LINE#         460
  C:0F95H         LINE#         461
  C:0F95H         LINE#         462
  C:0F95H         LINE#         463
  C:0F95H         LINE#         464
  C:0F95H         LINE#         465
  C:0F9BH         LINE#         466
  C:0F9BH         LINE#         467
  C:0F9EH         LINE#         468
  C:0F9EH         LINE#         469
  C:0FA3H         LINE#         470
  C:0FA9H         LINE#         471
  C:0FA9H         LINE#         472
  C:0FA9H         LINE#         473
  C:0FA9H         LINE#         474
  C:0FA9H         LINE#         475
  C:0FACH         LINE#         476
  C:0FACH         LINE#         477
  C:0FB1H         LINE#         478
  C:0FB7H         LINE#         479
  C:0FB7H         LINE#         480
  C:0FB7H         LINE#         481
  C:0FB7H         LINE#         482
  C:0FB7H         LINE#         483
  C:0FB7H         LINE#         484
  C:0FBDH         LINE#         485
  C:0FBDH         LINE#         486
  C:0FC0H         LINE#         487
  C:0FC0H         LINE#         488
  C:0FC5H         LINE#         489
  C:0FCBH         LINE#         490
  C:0FCBH         LINE#         491
  C:0FCBH         LINE#         492
  C:0FCBH         LINE#         493
  C:0FCBH         LINE#         494
  C:0FCEH         LINE#         495
BL51 BANKED LINKER/LOCATER V6.22                                                      09/06/2018  20:44:30  PAGE 27


  C:0FCEH         LINE#         496
  C:0FD3H         LINE#         497
  C:0FD9H         LINE#         498
  C:0FD9H         LINE#         499
  C:0FD9H         LINE#         500
  C:0FD9H         LINE#         501
  C:0FD9H         LINE#         502
  C:0FD9H         LINE#         503
  -------         ENDPROC       BACKBEGIN
  -------         PROC          GONENURSEPLATFORM
  C:0BEFH         LINE#         505
  C:0BEFH         LINE#         506
  C:0BEFH         LINE#         507
  C:0BF2H         LINE#         508
  C:0BF8H         LINE#         509
  C:0BF8H         LINE#         510
  C:0BFBH         LINE#         511
  C:0BFBH         LINE#         512
  C:0BFEH         LINE#         513
  C:0BFEH         LINE#         514
  C:0BFEH         LINE#         515
  C:0BFEH         LINE#         516
  C:0C01H         LINE#         517
  C:0C01H         LINE#         518
  C:0C01H         LINE#         519
  C:0C01H         LINE#         520
  C:0C07H         LINE#         521
  C:0C07H         LINE#         522
  C:0C07H         LINE#         523
  C:0C07H         LINE#         524
  C:0C0CH         LINE#         525
  C:0C0EH         LINE#         526
  C:0C11H         LINE#         527
  C:0C11H         LINE#         528
  C:0C14H         LINE#         529
  C:0C14H         LINE#         530
  C:0C14H         LINE#         531
  C:0C14H         LINE#         532
  C:0C17H         LINE#         533
  C:0C17H         LINE#         534
  C:0C17H         LINE#         535
  C:0C17H         LINE#         536
  C:0C1DH         LINE#         537
  C:0C1DH         LINE#         538
  C:0C1DH         LINE#         539
  C:0C1DH         LINE#         540
  C:0C22H         LINE#         541
  C:0C24H         LINE#         542
  C:0C24H         LINE#         543
  C:0C2AH         LINE#         544
  C:0C2AH         LINE#         545
  C:0C2DH         LINE#         546
  C:0C2DH         LINE#         547
  C:0C30H         LINE#         548
  C:0C30H         LINE#         549
  C:0C30H         LINE#         550
  C:0C30H         LINE#         551
BL51 BANKED LINKER/LOCATER V6.22                                                      09/06/2018  20:44:30  PAGE 28


  C:0C33H         LINE#         552
  C:0C33H         LINE#         553
  C:0C33H         LINE#         554
  C:0C33H         LINE#         555
  C:0C39H         LINE#         556
  C:0C39H         LINE#         557
  C:0C39H         LINE#         558
  C:0C39H         LINE#         559
  C:0C3EH         LINE#         560
  C:0C40H         LINE#         561
  C:0C43H         LINE#         562
  C:0C43H         LINE#         563
  C:0C46H         LINE#         564
  C:0C46H         LINE#         565
  C:0C46H         LINE#         566
  C:0C46H         LINE#         567
  C:0C49H         LINE#         568
  C:0C49H         LINE#         569
  C:0C49H         LINE#         570
  C:0C49H         LINE#         571
  C:0C4FH         LINE#         572
  C:0C4FH         LINE#         573
  C:0C4FH         LINE#         574
  C:0C4FH         LINE#         575
  C:0C54H         LINE#         576
  C:0C56H         LINE#         577
  C:0C56H         LINE#         578
  C:0C5CH         LINE#         579
  C:0C5CH         LINE#         580
  C:0C5FH         LINE#         581
  C:0C5FH         LINE#         582
  C:0C62H         LINE#         583
  C:0C62H         LINE#         584
  C:0C62H         LINE#         585
  C:0C62H         LINE#         586
  C:0C65H         LINE#         587
  C:0C65H         LINE#         588
  C:0C65H         LINE#         589
  C:0C65H         LINE#         590
  C:0C6BH         LINE#         591
  C:0C6BH         LINE#         592
  C:0C6BH         LINE#         593
  C:0C6BH         LINE#         594
  C:0C70H         LINE#         595
  C:0C72H         LINE#         596
  C:0C75H         LINE#         597
  C:0C75H         LINE#         598
  C:0C78H         LINE#         599
  C:0C78H         LINE#         600
  C:0C78H         LINE#         601
  C:0C78H         LINE#         602
  C:0C7BH         LINE#         603
  C:0C7BH         LINE#         604
  C:0C7BH         LINE#         605
  C:0C7BH         LINE#         606
  C:0C81H         LINE#         607
  C:0C81H         LINE#         608
BL51 BANKED LINKER/LOCATER V6.22                                                      09/06/2018  20:44:30  PAGE 29


  C:0C81H         LINE#         609
  C:0C81H         LINE#         610
  C:0C86H         LINE#         611
  C:0C88H         LINE#         612
  C:0C88H         LINE#         613
  -------         ENDPROC       GONENURSEPLATFORM
  -------         PROC          GONEBACK
  C:0FDAH         LINE#         614
  C:0FDAH         LINE#         615
  C:0FDAH         LINE#         616
  C:0FDDH         LINE#         617
  C:0FE3H         LINE#         618
  C:0FE3H         LINE#         619
  C:0FE6H         LINE#         620
  C:0FE6H         LINE#         621
  C:0FE9H         LINE#         622
  C:0FEFH         LINE#         623
  C:0FEFH         LINE#         624
  C:0FEFH         LINE#         625
  C:0FEFH         LINE#         626
  C:0FEFH         LINE#         627
  C:0FF2H         LINE#         628
  C:0FF2H         LINE#         629
  C:0FF5H         LINE#         630
  C:0FFBH         LINE#         631
  C:0FFBH         LINE#         632
  C:0FFBH         LINE#         633
  C:0FFBH         LINE#         634
  C:0FFBH         LINE#         635
  C:0FFBH         LINE#         636
  C:1001H         LINE#         637
  C:1001H         LINE#         638
  C:1004H         LINE#         639
  C:1004H         LINE#         640
  C:1007H         LINE#         641
  C:100DH         LINE#         642
  C:100DH         LINE#         643
  C:100DH         LINE#         644
  C:100DH         LINE#         645
  C:100DH         LINE#         646
  C:1010H         LINE#         647
  C:1010H         LINE#         648
  C:1013H         LINE#         649
  C:1019H         LINE#         650
  C:1019H         LINE#         651
  C:1019H         LINE#         652
  C:1019H         LINE#         653
  C:1019H         LINE#         654
  C:1019H         LINE#         655
  C:101FH         LINE#         656
  C:101FH         LINE#         657
  C:1022H         LINE#         658
  C:1022H         LINE#         659
  C:1025H         LINE#         660
  C:102BH         LINE#         661
  C:102BH         LINE#         662
  C:102BH         LINE#         663
BL51 BANKED LINKER/LOCATER V6.22                                                      09/06/2018  20:44:30  PAGE 30


  C:102BH         LINE#         664
  C:102BH         LINE#         665
  C:102EH         LINE#         666
  C:102EH         LINE#         667
  C:1031H         LINE#         668
  C:1037H         LINE#         669
  C:1037H         LINE#         670
  C:1037H         LINE#         671
  C:1037H         LINE#         672
  C:1037H         LINE#         673
  C:1037H         LINE#         674
  -------         ENDPROC       GONEBACK
  -------         PROC          GOLASERMODIFY
  C:000EH         LINE#         675
  C:000EH         LINE#         676
  C:000EH         LINE#         677
  C:0011H         LINE#         678
  C:0017H         LINE#         679
  C:0017H         LINE#         680
  C:001AH         LINE#         681
  C:001AH         LINE#         682
  C:001DH         LINE#         683
  C:0020H         LINE#         684
  C:0020H         LINE#         685
  C:0020H         LINE#         686
  C:0020H         LINE#         687
  C:002CH         LINE#         688
  C:002CH         LINE#         689
  C:002CH         LINE#         690
  C:002CH         LINE#         692
  C:002FH         LINE#         693
  C:002FH         LINE#         694
  C:0032H         LINE#         695
  C:0035H         LINE#         696
  C:0035H         LINE#         697
  C:0035H         LINE#         698
  C:0035H         LINE#         699
  C:0041H         LINE#         700
  C:0041H         LINE#         701
  C:0042H         LINE#         702
  C:0042H         LINE#         704
  C:0042H         LINE#         705
  -------         ENDPROC       GOLASERMODIFY
  -------         PROC          L?0656
  -------         ENDPROC       L?0656
  -------         PROC          BACKALASERMODIFY
  C:11B2H         LINE#         706
  C:11B2H         LINE#         707
  C:11B2H         LINE#         708
  C:11B5H         LINE#         709
  C:11BBH         LINE#         710
  C:11BBH         LINE#         711
  C:11BEH         LINE#         712
  C:11BEH         LINE#         713
  C:11C1H         LINE#         714
  C:11C4H         LINE#         715
  C:11C4H         LINE#         716
BL51 BANKED LINKER/LOCATER V6.22                                                      09/06/2018  20:44:30  PAGE 31


  C:11C4H         LINE#         717
  C:11C4H         LINE#         718
  C:11C7H         LINE#         719
  C:11C7H         LINE#         720
  C:11C7H         LINE#         721
  C:11C7H         LINE#         723
  C:11CAH         LINE#         724
  C:11CAH         LINE#         725
  C:11CDH         LINE#         726
  C:11D0H         LINE#         727
  C:11D0H         LINE#         728
  C:11D0H         LINE#         729
  C:11D0H         LINE#         730
  C:11D3H         LINE#         731
  C:11D3H         LINE#         732
  C:11D4H         LINE#         733
  C:11D4H         LINE#         735
  C:11D4H         LINE#         736
  -------         ENDPROC       BACKALASERMODIFY
  -------         PROC          L?0657
  -------         ENDPROC       L?0657
  -------         PROC          BACKBLASERMODIFY
  C:11DCH         LINE#         738
  C:11DCH         LINE#         739
  C:11DCH         LINE#         740
  C:11DFH         LINE#         741
  C:11E5H         LINE#         742
  C:11E5H         LINE#         743
  C:11E8H         LINE#         744
  C:11E8H         LINE#         745
  C:11EBH         LINE#         746
  C:11EEH         LINE#         747
  C:11EEH         LINE#         748
  C:11EEH         LINE#         749
  C:11EEH         LINE#         750
  C:11F1H         LINE#         751
  C:11F1H         LINE#         752
  C:11F1H         LINE#         753
  C:11F1H         LINE#         755
  C:11F4H         LINE#         756
  C:11F4H         LINE#         757
  C:11F7H         LINE#         758
  C:11FAH         LINE#         759
  C:11FAH         LINE#         760
  C:11FAH         LINE#         761
  C:11FAH         LINE#         762
  C:11FDH         LINE#         763
  C:11FDH         LINE#         764
  C:11FEH         LINE#         765
  C:11FEH         LINE#         767
  C:11FEH         LINE#         768
  -------         ENDPROC       BACKBLASERMODIFY
  -------         PROC          MODIFYCAR
  C:08E2H         LINE#         770
  C:08E2H         LINE#         771
  C:08E2H         LINE#         772
  C:08E5H         LINE#         773
BL51 BANKED LINKER/LOCATER V6.22                                                      09/06/2018  20:44:30  PAGE 32


  C:08ECH         LINE#         774
  C:08FEH         LINE#         775
  C:08FEH         LINE#         776
  C:08FEH         LINE#         777
  C:08FEH         LINE#         779
  C:0904H         LINE#         780
  C:0904H         LINE#         781
  C:0904H         LINE#         782
  C:0904H         LINE#         783
  C:090AH         LINE#         784
  C:090AH         LINE#         785
  C:090AH         LINE#         786
  C:090AH         LINE#         787
  C:0910H         LINE#         788
  C:0910H         LINE#         789
  C:0910H         LINE#         790
  C:0910H         LINE#         791
  C:0916H         LINE#         792
  C:0916H         LINE#         793
  C:0916H         LINE#         794
  C:0916H         LINE#         795
  C:091CH         LINE#         796
  C:091CH         LINE#         797
  C:091CH         LINE#         798
  C:091CH         LINE#         799
  C:0922H         LINE#         800
  C:0922H         LINE#         801
  C:0922H         LINE#         802
  C:0922H         LINE#         803
  C:0928H         LINE#         804
  C:0928H         LINE#         805
  C:0928H         LINE#         806
  C:0928H         LINE#         807
  C:092EH         LINE#         808
  C:092EH         LINE#         809
  C:092EH         LINE#         810
  C:092EH         LINE#         811
  C:0931H         LINE#         812
  C:0931H         LINE#         813
  C:0931H         LINE#         814
  C:0931H         LINE#         815
  C:0934H         LINE#         816
  C:0936H         LINE#         817
  C:0936H         LINE#         818
  C:0948H         LINE#         819
  C:0948H         LINE#         820
  C:0948H         LINE#         821
  C:0948H         LINE#         823
  C:094EH         LINE#         824
  C:094EH         LINE#         825
  C:094EH         LINE#         826
  C:094EH         LINE#         827
  C:0954H         LINE#         828
  C:0954H         LINE#         829
  C:0954H         LINE#         830
  C:0954H         LINE#         831
  C:095AH         LINE#         832
BL51 BANKED LINKER/LOCATER V6.22                                                      09/06/2018  20:44:30  PAGE 33


  C:095AH         LINE#         833
  C:095AH         LINE#         834
  C:095AH         LINE#         835
  C:0960H         LINE#         836
  C:0960H         LINE#         837
  C:0960H         LINE#         838
  C:0960H         LINE#         839
  C:0966H         LINE#         840
  C:0966H         LINE#         841
  C:0966H         LINE#         842
  C:0966H         LINE#         843
  C:096CH         LINE#         844
  C:096CH         LINE#         845
  C:096CH         LINE#         846
  C:096CH         LINE#         847
  C:0972H         LINE#         848
  C:0972H         LINE#         849
  C:0972H         LINE#         850
  C:0972H         LINE#         851
  C:0978H         LINE#         852
  C:0978H         LINE#         853
  C:0978H         LINE#         854
  C:0978H         LINE#         855
  C:097BH         LINE#         856
  C:097BH         LINE#         857
  C:097BH         LINE#         858
  C:097BH         LINE#         859
  C:097EH         LINE#         860
  C:0980H         LINE#         861
  C:0980H         LINE#         862
  C:0992H         LINE#         863
  C:0992H         LINE#         864
  C:0992H         LINE#         865
  C:0992H         LINE#         867
  C:0998H         LINE#         868
  C:0998H         LINE#         869
  C:0998H         LINE#         870
  C:0998H         LINE#         871
  C:099EH         LINE#         872
  C:099EH         LINE#         873
  C:099EH         LINE#         874
  C:099EH         LINE#         875
  C:09A4H         LINE#         876
  C:09A4H         LINE#         877
  C:09A4H         LINE#         878
  C:09A4H         LINE#         879
  C:09AAH         LINE#         880
  C:09AAH         LINE#         881
  C:09AAH         LINE#         882
  C:09AAH         LINE#         883
  C:09B0H         LINE#         884
  C:09B0H         LINE#         885
  C:09B0H         LINE#         886
  C:09B0H         LINE#         887
  C:09B6H         LINE#         888
  C:09B6H         LINE#         889
  C:09B6H         LINE#         890
BL51 BANKED LINKER/LOCATER V6.22                                                      09/06/2018  20:44:30  PAGE 34


  C:09B6H         LINE#         891
  C:09BCH         LINE#         892
  C:09BCH         LINE#         893
  C:09BCH         LINE#         894
  C:09BCH         LINE#         895
  C:09C2H         LINE#         896
  C:09C2H         LINE#         897
  C:09C2H         LINE#         898
  C:09C2H         LINE#         899
  C:09C5H         LINE#         900
  C:09C5H         LINE#         901
  C:09C5H         LINE#         902
  C:09C5H         LINE#         903
  C:09C8H         LINE#         904
  C:09CAH         LINE#         905
  C:09CAH         LINE#         906
  C:09DCH         LINE#         907
  C:09DCH         LINE#         908
  C:09DCH         LINE#         909
  C:09DCH         LINE#         911
  C:09E2H         LINE#         912
  C:09E2H         LINE#         913
  C:09E2H         LINE#         914
  C:09E2H         LINE#         915
  C:09E8H         LINE#         916
  C:09E8H         LINE#         917
  C:09E8H         LINE#         918
  C:09E8H         LINE#         919
  C:09EEH         LINE#         920
  C:09EEH         LINE#         921
  C:09EEH         LINE#         922
  C:09EEH         LINE#         923
  C:09F4H         LINE#         924
  C:09F4H         LINE#         925
  C:09F4H         LINE#         926
  C:09F4H         LINE#         927
  C:09FAH         LINE#         928
  C:09FAH         LINE#         929
  C:09FAH         LINE#         930
  C:09FAH         LINE#         931
  C:0A00H         LINE#         932
  C:0A00H         LINE#         933
  C:0A00H         LINE#         934
  C:0A00H         LINE#         935
  C:0A06H         LINE#         936
  C:0A06H         LINE#         937
  C:0A06H         LINE#         938
  C:0A06H         LINE#         939
  C:0A0CH         LINE#         940
  C:0A0CH         LINE#         941
  C:0A0CH         LINE#         942
  C:0A0CH         LINE#         943
  C:0A0FH         LINE#         944
  C:0A0FH         LINE#         945
[...]
  C:0BCFH         LINE#         1884
  C:0BCFH         LINE#         1887
  C:0BCFH         LINE#         1888
  C:0BCFH         LINE#         1889
  C:0BCFH         LINE#         1890
  C:0BCFH         LINE#         1891
  C:0BCFH         LINE#         1892
  C:0BD2H         LINE#         1893
  C:0BD5H         LINE#         1894
  C:0BD5H         LINE#         1895
  C:0BDCH         LINE#         1896
  C:0BDFH         LINE#         1897
  C:0BDFH         LINE#         1898
  C:0BDFH         LINE#         1899
  C:0BDFH         LINE#         1902
  C:0BDFH         LINE#         1903
  C:0BDFH         LINE#         1904
  C:0BDFH         LINE#         1905
  C:0BE2H         LINE#         1906
  C:0BEBH         LINE#         1907
  C:0BEEH         LINE#         1910
  C:0BEEH         LINE#         1911
  C:0BEEH         LINE#         1912
  -------         ENDPROC       GIVINGMEDICINE
  -------         PROC          GIVINGMEDICINEONE
  C:02CBH         LINE#         2122
  C:02CBH         LINE#         2123
  C:02CBH         LINE#         2124
  C:02CBH         LINE#         2125
  C:02CBH         LINE#         2126
  C:02CEH         LINE#         2127
  C:02D1H         LINE#         2128
  C:02D1H         LINE#         2129
  C:02D4H         LINE#         2130
  C:02E1H         LINE#         2131
  C:02E4H         LINE#         2132
  C:02E4H         LINE#         2133
BL51 BANKED LINKER/LOCATER V6.22                                                      09/06/2018  20:44:30  PAGE 47


  C:02E4H         LINE#         2134
  C:02E4H         LINE#         2135
  C:02E4H         LINE#         2136
  C:02E4H         LINE#         2137
  C:02E7H         LINE#         2138
  C:02F3H         LINE#         2139
  C:02F3H         LINE#         2140
  C:02F6H         LINE#         2141
  C:02F9H         LINE#         2142
  C:02F9H         LINE#         2143
  C:02F9H         LINE#         2144
  C:02F9H         LINE#         2145
  C:02F9H         LINE#         2146
  C:02F9H         LINE#         2147
  C:02FCH         LINE#         2148
  C:0308H         LINE#         2149
  C:0308H         LINE#         2150
  C:030BH         LINE#         2151
  C:030BH         LINE#         2152
  C:030EH         LINE#         2153
  C:031BH         LINE#         2154
  C:031EH         LINE#         2155
  C:0325H         LINE#         2156
  C:0325H         LINE#         2157
  C:0325H         LINE#         2158
  C:0325H         LINE#         2159
  C:0325H         LINE#         2160
  C:0325H         LINE#         2161
  C:0328H         LINE#         2162
  C:0334H         LINE#         2163
  C:0334H         LINE#         2164
  C:0337H         LINE#         2165
  C:0337H         LINE#         2166
  C:0337H         LINE#         2167
  C:033AH         LINE#         2168
  C:033AH         LINE#         2169
  C:033DH         LINE#         2170
  C:0344H         LINE#         2171
  C:0344H         LINE#         2172
  C:0344H         LINE#         2173
  C:0344H         LINE#         2174
  C:0344H         LINE#         2175
  C:0344H         LINE#         2176
  C:0347H         LINE#         2177
  C:034AH         LINE#         2178
  C:034AH         LINE#         2179
  C:0356H         LINE#         2180
  C:0359H         LINE#         2181
  C:035CH         LINE#         2182
  C:035FH         LINE#         2183
  C:0366H         LINE#         2184
  C:0366H         LINE#         2185
  C:0366H         LINE#         2186
  C:0366H         LINE#         2187
  C:0366H         LINE#         2188
  C:0366H         LINE#         2189
  C:0369H         LINE#         2190
BL51 BANKED LINKER/LOCATER V6.22                                                      09/06/2018  20:44:30  PAGE 48


  C:0375H         LINE#         2191
  C:0375H         LINE#         2192
  C:0378H         LINE#         2193
  C:037BH         LINE#         2194
  C:037BH         LINE#         2195
  C:037BH         LINE#         2196
  C:037BH         LINE#         2197
  C:037BH         LINE#         2198
  C:037BH         LINE#         2199
  C:037EH         LINE#         2200
  C:038AH         LINE#         2201
  C:038AH         LINE#         2202
  C:038DH         LINE#         2203
  C:038DH         LINE#         2204
  C:0390H         LINE#         2205
  C:0390H         LINE#         2206
  C:0390H         LINE#         2207
  C:0393H         LINE#         2208
  C:0396H         LINE#         2209
  C:0396H         LINE#         2210
  C:039DH         LINE#         2211
  C:03A0H         LINE#         2212
  C:03A0H         LINE#         2213
  C:03A3H         LINE#         2214
  C:03A3H         LINE#         2216
  C:03A3H         LINE#         2217
  C:03A6H         LINE#         2218
  C:03A6H         LINE#         2219
  C:03A6H         LINE#         2220
  C:03A6H         LINE#         2221
  C:03A6H         LINE#         2222
  C:03A6H         LINE#         2223
  C:03A6H         LINE#         2224
  C:03A6H         LINE#         2225
  C:03A6H         LINE#         2226
  C:03A6H         LINE#         2227
  C:03A9H         LINE#         2228
  C:03ACH         LINE#         2229
  C:03ACH         LINE#         2230
  C:03B3H         LINE#         2231
  C:03B6H         LINE#         2232
  C:03B6H         LINE#         2233
  C:03B6H         LINE#         2234
  C:03B9H         LINE#         2235
  C:03BCH         LINE#         2236
  C:03C0H         LINE#         2237
  C:03C0H         LINE#         2238
  C:03C3H         LINE#         2239
  C:03CCH         LINE#         2240
  C:03CFH         LINE#         2241
  C:03CFH         LINE#         2242
  C:03CFH         LINE#         2243
  C:03CFH         LINE#         2244
  C:03CFH         LINE#         2245
  C:03CFH         LINE#         2246
  C:03CFH         LINE#         2247
  C:03D2H         LINE#         2248
BL51 BANKED LINKER/LOCATER V6.22                                                      09/06/2018  20:44:30  PAGE 49


  C:03D9H         LINE#         2249
  C:03DCH         LINE#         2250
  C:03DFH         LINE#         2251
  C:03E6H         LINE#         2252
  C:03F3H         LINE#         2253
  C:03FCH         LINE#         2254
  C:03FFH         LINE#         2255
  C:0402H         LINE#         2256
  C:0409H         LINE#         2257
  C:0409H         LINE#         2258
  C:0409H         LINE#         2259
  C:0409H         LINE#         2260
  C:0409H         LINE#         2261
  C:040CH         LINE#         2262
  C:0418H         LINE#         2263
  C:0418H         LINE#         2264
  C:041BH         LINE#         2265
  C:041DH         LINE#         2266
  C:041DH         LINE#         2267
  C:0420H         LINE#         2268
  C:0420H         LINE#         2269
  C:0423H         LINE#         2270
  C:042AH         LINE#         2271
  C:042AH         LINE#         2272
  C:042AH         LINE#         2273
  C:042AH         LINE#         2274
  C:042AH         LINE#         2275
  C:042AH         LINE#         2276
  C:042DH         LINE#         2277
  C:0430H         LINE#         2278
  C:0430H         LINE#         2279
  C:043CH         LINE#         2280
  C:043FH         LINE#         2281
  C:0442H         LINE#         2282
  C:0442H         LINE#         2283
  C:0442H         LINE#         2284
  C:0442H         LINE#         2285
  C:0442H         LINE#         2286
  C:0442H         LINE#         2287
  C:0445H         LINE#         2288
  C:0451H         LINE#         2289
  C:0451H         LINE#         2290
  C:0454H         LINE#         2291
  C:0454H         LINE#         2292
  C:0457H         LINE#         2293
  C:045AH         LINE#         2294
  C:045AH         LINE#         2295
  C:045AH         LINE#         2296
  C:045AH         LINE#         2297
  C:045AH         LINE#         2298
  C:045AH         LINE#         2299
  C:045DH         LINE#         2300
  C:0469H         LINE#         2301
  C:0469H         LINE#         2302
  C:046CH         LINE#         2303
  C:046FH         LINE#         2304
  C:0472H         LINE#         2305
BL51 BANKED LINKER/LOCATER V6.22                                                      09/06/2018  20:44:30  PAGE 50


  C:0472H         LINE#         2306
  C:0472H         LINE#         2307
  C:0472H         LINE#         2308
  -------         ENDPROC       GIVINGMEDICINEONE
  -------         PROC          GIVINGMEDICINETWO
  C:0473H         LINE#         2309
  C:0473H         LINE#         2310
  C:0473H         LINE#         2311
  C:0473H         LINE#         2312
  C:0473H         LINE#         2323
  C:0476H         LINE#         2324
  C:0479H         LINE#         2325
  C:047CH         LINE#         2326
  C:047FH         LINE#         2327
  C:048CH         LINE#         2328
  C:0495H         LINE#         2329
  C:0498H         LINE#         2330
  C:0498H         LINE#         2331
  C:0498H         LINE#         2332
  C:0498H         LINE#         2333
  C:0498H         LINE#         2334
  C:049BH         LINE#         2335
  C:04A7H         LINE#         2336
  C:04A7H         LINE#         2337
  C:04AAH         LINE#         2338
  C:04AAH         LINE#         2339
  C:04AAH         LINE#         2340
  C:04ADH         LINE#         2341
  C:04ADH         LINE#         2342
  C:04B0H         LINE#         2343
  C:04B3H         LINE#         2344
  C:04B3H         LINE#         2345
  C:04B3H         LINE#         2346
  C:04B3H         LINE#         2347
  C:04B3H         LINE#         2348
  C:04B3H         LINE#         2349
  C:04B6H         LINE#         2350
  C:04B9H         LINE#         2351
  C:04B9H         LINE#         2353
  C:04BCH         LINE#         2354
  C:04C3H         LINE#         2355
  C:04C6H         LINE#         2356
  C:04CDH         LINE#         2357
  C:04D9H         LINE#         2358
  C:04DCH         LINE#         2360
  C:04DCH         LINE#         2361
  C:04DCH         LINE#         2362
  C:04DFH         LINE#         2363
  C:04E2H         LINE#         2364
  C:04E2H         LINE#         2365
  C:04E9H         LINE#         2366
  C:04ECH         LINE#         2367
  C:04ECH         LINE#         2368
  C:04EFH         LINE#         2369
  C:04F6H         LINE#         2370
  C:04F9H         LINE#         2371
  C:0500H         LINE#         2372
BL51 BANKED LINKER/LOCATER V6.22                                                      09/06/2018  20:44:30  PAGE 51


  C:0500H         LINE#         2373
  C:0500H         LINE#         2374
  C:0500H         LINE#         2375
  C:0500H         LINE#         2376
  C:0503H         LINE#         2377
  C:0503H         LINE#         2378
  C:0503H         LINE#         2379
  C:0503H         LINE#         2380
  C:0503H         LINE#         2381
  C:0503H         LINE#         2382
  C:0506H         LINE#         2384
  C:0509H         LINE#         2385
  C:0509H         LINE#         2386
  C:0510H         LINE#         2387
  C:0513H         LINE#         2388
  C:0513H         LINE#         2389
  C:0513H         LINE#         2390
  C:0516H         LINE#         2391
  C:0519H         LINE#         2392
  C:0520H         LINE#         2393
  C:0523H         LINE#         2394
  C:052AH         LINE#         2395
  C:0533H         LINE#         2396
  C:053AH         LINE#         2397
  C:053AH         LINE#         2398
  C:053AH         LINE#         2399
  C:053AH         LINE#         2400
  C:053AH         LINE#         2401
  C:053AH         LINE#         2402
  C:053AH         LINE#         2403
  C:053DH         LINE#         2404
  C:0540H         LINE#         2405
  C:0540H         LINE#         2406
  C:0543H         LINE#         2407
  C:0550H         LINE#         2408
  C:0557H         LINE#         2409
  C:055AH         LINE#         2410
  C:055DH         LINE#         2412
  C:055DH         LINE#         2413
  C:055DH         LINE#         2414
  C:055DH         LINE#         2415
  C:055DH         LINE#         2416
  C:055DH         LINE#         2417
  C:0560H         LINE#         2418
  C:056CH         LINE#         2419
  C:056CH         LINE#         2420
  C:056FH         LINE#         2421
  C:0572H         LINE#         2422
  C:0572H         LINE#         2423
  C:0572H         LINE#         2424
  C:0572H         LINE#         2425
  C:0572H         LINE#         2426
  C:0572H         LINE#         2427
  C:0575H         LINE#         2428
  C:0581H         LINE#         2429
  C:0581H         LINE#         2430
  C:0584H         LINE#         2431
BL51 BANKED LINKER/LOCATER V6.22                                                      09/06/2018  20:44:30  PAGE 52


  C:0591H         LINE#         2432
  C:0598H         LINE#         2433
  C:059BH         LINE#         2434
  C:059EH         LINE#         2435
  C:059EH         LINE#         2436
  C:059EH         LINE#         2437
  C:059EH         LINE#         2438
  C:059EH         LINE#         2439
  C:059EH         LINE#         2440
  C:05A1H         LINE#         2441
  C:05ADH         LINE#         2442
  C:05ADH         LINE#         2443
  C:05B0H         LINE#         2444
  C:05B4H         LINE#         2445
  C:05B4H         LINE#         2446
  C:05B7H         LINE#         2447
  C:05B7H         LINE#         2448
  C:05BAH         LINE#         2449
  C:05C1H         LINE#         2450
  C:05C1H         LINE#         2451
  C:05C1H         LINE#         2452
  C:05C1H         LINE#         2453
  C:05C1H         LINE#         2454
  C:05C1H         LINE#         2455
  C:05C4H         LINE#         2456
  C:05C7H         LINE#         2457
  C:05C7H         LINE#         2458
  C:05CAH         LINE#         2459
  C:05D6H         LINE#         2460
  C:05DDH         LINE#         2461
  C:05E0H         LINE#         2462
  C:05E3H         LINE#         2463
  C:05E3H         LINE#         2464
  C:05E3H         LINE#         2465
  C:05E3H         LINE#         2466
  C:05E3H         LINE#         2467
  C:05E3H         LINE#         2468
  C:05E6H         LINE#         2469
  C:05F2H         LINE#         2470
  C:05F2H         LINE#         2471
  C:05F5H         LINE#         2472
  C:05F8H         LINE#         2473
  C:05F8H         LINE#         2474
  C:05F8H         LINE#         2475
  C:05F8H         LINE#         2476
  C:05F8H         LINE#         2477
  C:05F8H         LINE#         2478
  C:05FBH         LINE#         2479
  C:0607H         LINE#         2480
  C:0607H         LINE#         2481
  C:060AH         LINE#         2482
  C:0611H         LINE#         2483
  C:0614H         LINE#         2484
  C:0614H         LINE#         2485
  C:0614H         LINE#         2486
  C:0614H         LINE#         2487
  -------         ENDPROC       GIVINGMEDICINETWO
BL51 BANKED LINKER/LOCATER V6.22                                                      09/06/2018  20:44:30  PAGE 53


  -------         PROC          MAIN
  C:1038H         LINE#         2488
  C:1038H         LINE#         2489
  C:1038H         LINE#         2490
  C:103BH         LINE#         2492
  C:103EH         LINE#         2493
  C:1041H         LINE#         2495
  C:104AH         LINE#         2498
  C:1053H         LINE#         2501
  C:105CH         LINE#         2504
  C:105FH         LINE#         2505
  C:105FH         LINE#         2506
  C:1066H         LINE#         2507
  C:1069H         LINE#         2508
  C:1069H         LINE#         2509
  C:106CH         LINE#         2510
  C:106FH         LINE#         2511
  C:1072H         LINE#         2512
  C:1072H         LINE#         2513
  C:1072H         LINE#         2514
  C:1075H         LINE#         2515
  C:1077H         LINE#         2516
  C:1077H         LINE#         2517
  C:1077H         LINE#         2518
  C:107AH         LINE#         2519
  C:107AH         LINE#         2520
  C:1081H         LINE#         2521
  C:1084H         LINE#         2522
  C:1084H         LINE#         2523
  C:1087H         LINE#         2524
  C:108AH         LINE#         2525
  C:108DH         LINE#         2526
  C:108DH         LINE#         2527
  C:108DH         LINE#         2528
  -------         ENDPROC       MAIN
  -------         PROC          TIME0
  C:10D9H         LINE#         2530
  C:10DDH         LINE#         2532
  C:10DFH         LINE#         2533
  C:10E9H         LINE#         2534
  C:10E9H         LINE#         2535
  C:10EBH         LINE#         2536
  C:10EBH         LINE#         2537
  C:10F5H         LINE#         2538
  C:10F5H         LINE#         2539
  C:10F7H         LINE#         2540
  C:10F7H         LINE#         2541
  C:1101H         LINE#         2542
  C:1101H         LINE#         2543
  C:1107H         LINE#         2544
  C:1109H         LINE#         2545
  C:110BH         LINE#         2546
  C:110BH         LINE#         2547
  C:1113H         LINE#         2548
  C:1115H         LINE#         2549
  -------         ENDPROC       TIME0
  -------         ENDMOD        MEDICALSERVICE
BL51 BANKED LINKER/LOCATER V6.22                                                      09/06/2018  20:44:30  PAGE 54



  -------         MODULE        ?C?FPADD
  C:004DH         PUBLIC        ?C?FPADD
  C:0049H         PUBLIC        ?C?FPSUB
  -------         ENDMOD        ?C?FPADD

  -------         MODULE        ?C?FPDIV
  C:0141H         PUBLIC        ?C?FPDIV
  -------         ENDMOD        ?C?FPDIV

  -------         MODULE        ?C?FCAST
  C:01E8H         PUBLIC        ?C?FCASTC
  C:01E3H         PUBLIC        ?C?FCASTI
  C:01DEH         PUBLIC        ?C?FCASTL
  -------         ENDMOD        ?C?FCAST

  -------         MODULE        ?C?CASTF
  C:021CH         PUBLIC        ?C?CASTF
  -------         ENDMOD        ?C?CASTF

  -------         MODULE        ?C?LNEG
  C:029DH         PUBLIC        ?C?LNEG
  -------         ENDMOD        ?C?LNEG

  -------         MODULE        ?C?LLDCODE
  C:02ABH         PUBLIC        ?C?LLDCODE
  -------         ENDMOD        ?C?LLDCODE

  -------         MODULE        ?C?LLDCODE0
  C:02BBH         PUBLIC        ?C?LLDCODE0
  -------         ENDMOD        ?C?LLDCODE0

  -------         MODULE        ABS
  C:170CH         PUBLIC        _ABS
  -------         ENDMOD        ABS

*** WARNING L16: UNCALLED SEGMENT, IGNORED FOR OVERLAY PROCESS
    SEGMENT: ?PR?_CDS5516?MEDICALSERVICE

*** WARNING L16: UNCALLED SEGMENT, IGNORED FOR OVERLAY PROCESS
    SEGMENT: ?PR?UART1_RECEBYTE?MEDICALSERVICE

*** WARNING L16: UNCALLED SEGMENT, IGNORED FOR OVERLAY PROCESS
    SEGMENT: ?PR?_SETSERVOSPEED?MEDICALSERVICE

*** WARNING L16: UNCALLED SEGMENT, IGNORED FOR OVERLAY PROCESS
    SEGMENT: ?PR?_SHOWRESULT?MEDICALSERVICE

*** WARNING L16: UNCALLED SEGMENT, IGNORED FOR OVERLAY PROCESS
    SEGMENT: ?PR?INITUART?MEDICALSERVICE

*** WARNING L16: UNCALLED SEGMENT, IGNORED FOR OVERLAY PROCESS
    SEGMENT: ?PR?INITADC?MEDICALSERVICE

*** WARNING L16: UNCALLED SEGMENT, IGNORED FOR OVERLAY PROCESS
    SEGMENT: ?PR?TURNR180?MEDICALSERVICE

BL51 BANKED LINKER/LOCATER V6.22                                                      09/06/2018  20:44:30  PAGE 55


*** WARNING L16: UNCALLED SEGMENT, IGNORED FOR OVERLAY PROCESS
    SEGMENT: ?PR?GOA?MEDICALSERVICE

*** WARNING L16: UNCALLED SEGMENT, IGNORED FOR OVERLAY PROCESS
    SEGMENT: ?PR?TURNLEFT?MEDICALSERVICE

*** WARNING L16: UNCALLED SEGMENT, IGNORED FOR OVERLAY PROCESS
    SEGMENT: ?PR?TURNLEFTN?MEDICALSERVICE

*** WARNING L16: UNCALLED SEGMENT, IGNORED FOR OVERLAY PROCESS
    SEGMENT: ?PR?TURNRIGHT?MEDICALSERVICE

*** WARNING L16: UNCALLED SEGMENT, IGNORED FOR OVERLAY PROCESS
    SEGMENT: ?PR?TURNRIGHTN?MEDICALSERVICE

*** WARNING L16: UNCALLED SEGMENT, IGNORED FOR OVERLAY PROCESS
    SEGMENT: ?PR?TURNRIGHTDELAY?MEDICALSERVICE

*** WARNING L16: UNCALLED SEGMENT, IGNORED FOR OVERLAY PROCESS
    SEGMENT: ?PR?GONESUPPLEMENT1?MEDICALSERVICE

Program Size: data=53.1 xdata=0 code=5979
LINK/LOCATE RUN COMPLETE.  14 WARNING(S),  0 ERROR(S)
